Component: ARM Compiler 5.05 update 1 (build 106) Tool: armlink [4d0efa]

==============================================================================

Section Cross References

    main.o(i.main) refers to my_init.o(i.init) for init
    main.o(i.main) refers to debug.o(i.Init_Show) for Init_Show
    main.o(i.main) refers to stm32f10x_tim.o(i.TIM_Cmd) for TIM_Cmd
    main.o(i.main) refers to debug.o(i.Boma_OLED) for Boma_OLED
    main.o(i.main) refers to key.o(i.KYE3_SHOW) for KYE3_SHOW
    my_init.o(i.init) refers to system_stm32f10x.o(i.SystemInit) for SystemInit
    my_init.o(i.init) refers to delay.o(i.delay_init) for delay_init
    my_init.o(i.init) refers to beep.o(i.BEEP_Init) for BEEP_Init
    my_init.o(i.init) refers to oled.o(i.OLED_Init) for OLED_Init
    my_init.o(i.init) refers to oled.o(i.OLED_Fill) for OLED_Fill
    my_init.o(i.init) refers to led.o(i.LED_Init) for LED_Init
    my_init.o(i.init) refers to key.o(i.KEY_Init) for KEY_Init
    my_init.o(i.init) refers to pwm.o(i.TIM1_PWM_Init) for TIM1_PWM_Init
    my_init.o(i.init) refers to timer.o(i.TIM3_Int_Init) for TIM3_Int_Init
    my_init.o(i.init) refers to usart.o(i.uart_init) for uart_init
    system_stm32f10x.o(i.SetSysClock) refers to system_stm32f10x.o(i.SetSysClockTo72) for SetSysClockTo72
    system_stm32f10x.o(i.SystemCoreClockUpdate) refers to system_stm32f10x.o(.data) for SystemCoreClock
    system_stm32f10x.o(i.SystemInit) refers to system_stm32f10x.o(i.SetSysClock) for SetSysClock
    my_include.o(i.buzzer_bibi) refers to my_include.o(.data) for buzzer_time
    my_include.o(i.buzzer_once) refers to my_include.o(.data) for buzzer_time
    my_include.o(i.buzzer_ring) refers to my_include.o(.data) for buzzer_count
    control.o(i.Car_mode_control) refers to stm32f10x_gpio.o(i.GPIO_ReadInputDataBit) for GPIO_ReadInputDataBit
    control.o(i.Car_mode_control) refers to usart.o(.data) for control_data
    control.o(i.Car_mode_control) refers to my_include.o(.data) for out_edge
    control.o(i.FTM_updata) refers to stm32f10x_tim.o(i.TIM_SetCompare1) for TIM_SetCompare1
    control.o(i.FTM_updata) refers to stm32f10x_tim.o(i.TIM_SetCompare4) for TIM_SetCompare4
    control.o(i.FTM_updata) refers to my_include.o(.data) for car_mode
    control.o(i.PD_control) refers to fflt_clz.o(x$fpl$fflt) for __aeabi_i2f
    control.o(i.PD_control) refers to fmul.o(x$fpl$fmul) for __aeabi_fmul
    control.o(i.PD_control) refers to faddsub_clz.o(x$fpl$fsub) for __aeabi_fsub
    control.o(i.PD_control) refers to ffix.o(x$fpl$ffix) for __aeabi_f2iz
    control.o(i.PD_control) refers to my_include.o(.data) for x_error
    control.o(i.PD_control) refers to usart.o(.data) for control_data
    debug.o(i.Boma_OLED) refers to debug.o(i.menu_define) for menu_define
    debug.o(i.Boma_OLED) refers to debug.o(i.Picture_OLED) for Picture_OLED
    debug.o(i.Boma_OLED) refers to debug.o(i.Mode_ON_OFF_Key) for Mode_ON_OFF_Key
    debug.o(i.Boma_OLED) refers to debug.o(i.car_run_OLED) for car_run_OLED
    debug.o(i.Boma_OLED) refers to debug.o(i.flash_OLED) for flash_OLED
    debug.o(i.Boma_OLED) refers to debug.o(i.Flash_Key) for Flash_Key
    debug.o(i.Boma_OLED) refers to debug.o(i.Mode_ON_OFF) for Mode_ON_OFF
    debug.o(i.Boma_OLED) refers to my_include.o(.data) for MENU
    debug.o(i.Flash_Key) refers to key.o(i.Key_scan) for Key_scan
    debug.o(i.Flash_Key) refers to f2d.o(x$fpl$f2d) for __aeabi_f2d
    debug.o(i.Flash_Key) refers to daddsub_clz.o(x$fpl$dadd) for __aeabi_dadd
    debug.o(i.Flash_Key) refers to d2f.o(x$fpl$d2f) for __aeabi_d2f
    debug.o(i.Flash_Key) refers to daddsub_clz.o(x$fpl$dsub) for __aeabi_dsub
    debug.o(i.Flash_Key) refers to oled.o(i.OLED_Clear) for OLED_Clear
    debug.o(i.Flash_Key) refers to my_include.o(.data) for row
    debug.o(i.Init_Show) refers to oled.o(i.OLED_ShowCHinese1) for OLED_ShowCHinese1
    debug.o(i.Init_Show) refers to delay.o(i.delay_ms) for delay_ms
    debug.o(i.Init_Show) refers to my_include.o(i.buzzer_bibi) for buzzer_bibi
    debug.o(i.Init_Show) refers to oled.o(i.OLED_Clear) for OLED_Clear
    debug.o(i.Init_Show) refers to oled.o(i.OLED_DrawBMP) for OLED_DrawBMP
    debug.o(i.Init_Show) refers to oled.o(.constdata) for ETA_LOGO1
    debug.o(i.Mode_ON_OFF) refers to oled.o(i.OLED_ShowCHinese1) for OLED_ShowCHinese1
    debug.o(i.Mode_ON_OFF) refers to oled.o(i.OLED_ShowString1) for OLED_ShowString1
    debug.o(i.Mode_ON_OFF) refers to my_include.o(.data) for ball_colcor
    debug.o(i.Mode_ON_OFF_Key) refers to key.o(i.Key_scan) for Key_scan
    debug.o(i.Mode_ON_OFF_Key) refers to my_include.o(.data) for ball_colcor
    debug.o(i.Picture_OLED) refers to oled.o(i.OLED_ShowString1) for OLED_ShowString1
    debug.o(i.Picture_OLED) refers to oled.o(i.OLED_Fill) for OLED_Fill
    debug.o(i.Picture_OLED) refers to usart.o(.data) for control_data
    debug.o(i.car_run_OLED) refers to oled.o(i.OLED_ShowCHinese1) for OLED_ShowCHinese1
[...]
    Removing stm32f10x_tim.o(i.TIM_ETRConfig), (28 bytes).
    Removing stm32f10x_tim.o(i.TIM_EncoderInterfaceConfig), (66 bytes).
    Removing stm32f10x_tim.o(i.TIM_ForcedOC1Config), (18 bytes).
    Removing stm32f10x_tim.o(i.TIM_ForcedOC2Config), (26 bytes).
    Removing stm32f10x_tim.o(i.TIM_ForcedOC3Config), (18 bytes).
    Removing stm32f10x_tim.o(i.TIM_ForcedOC4Config), (26 bytes).
    Removing stm32f10x_tim.o(i.TIM_GenerateEvent), (4 bytes).
    Removing stm32f10x_tim.o(i.TIM_GetCapture1), (6 bytes).
    Removing stm32f10x_tim.o(i.TIM_GetCapture2), (6 bytes).
    Removing stm32f10x_tim.o(i.TIM_GetCapture3), (6 bytes).
    Removing stm32f10x_tim.o(i.TIM_GetCapture4), (8 bytes).
    Removing stm32f10x_tim.o(i.TIM_GetCounter), (6 bytes).
    Removing stm32f10x_tim.o(i.TIM_GetFlagStatus), (18 bytes).
    Removing stm32f10x_tim.o(i.TIM_GetPrescaler), (6 bytes).
    Removing stm32f10x_tim.o(i.TIM_ICInit), (172 bytes).
    Removing stm32f10x_tim.o(i.TIM_ICStructInit), (18 bytes).
    Removing stm32f10x_tim.o(i.TIM_ITRxExternalClockConfig), (24 bytes).
    Removing stm32f10x_tim.o(i.TIM_InternalClockConfig), (12 bytes).
    Removing stm32f10x_tim.o(i.TIM_OC1FastConfig), (18 bytes).
    Removing stm32f10x_tim.o(i.TIM_OC1NPolarityConfig), (18 bytes).
    Removing stm32f10x_tim.o(i.TIM_OC1PolarityConfig), (18 bytes).
    Removing stm32f10x_tim.o(i.TIM_OC1PreloadConfig), (18 bytes).
    Removing stm32f10x_tim.o(i.TIM_OC2FastConfig), (26 bytes).
    Removing stm32f10x_tim.o(i.TIM_OC2Init), (164 bytes).
    Removing stm32f10x_tim.o(i.TIM_OC2NPolarityConfig), (26 bytes).
    Removing stm32f10x_tim.o(i.TIM_OC2PolarityConfig), (26 bytes).
    Removing stm32f10x_tim.o(i.TIM_OC2PreloadConfig), (26 bytes).
    Removing stm32f10x_tim.o(i.TIM_OC3FastConfig), (18 bytes).
    Removing stm32f10x_tim.o(i.TIM_OC3Init), (160 bytes).
    Removing stm32f10x_tim.o(i.TIM_OC3NPolarityConfig), (26 bytes).
    Removing stm32f10x_tim.o(i.TIM_OC3PolarityConfig), (26 bytes).
    Removing stm32f10x_tim.o(i.TIM_OC3PreloadConfig), (18 bytes).
    Removing stm32f10x_tim.o(i.TIM_OC4FastConfig), (26 bytes).
    Removing stm32f10x_tim.o(i.TIM_OC4PolarityConfig), (26 bytes).
    Removing stm32f10x_tim.o(i.TIM_OCStructInit), (20 bytes).
    Removing stm32f10x_tim.o(i.TIM_PWMIConfig), (124 bytes).
    Removing stm32f10x_tim.o(i.TIM_PrescalerConfig), (6 bytes).
    Removing stm32f10x_tim.o(i.TIM_SelectCCDMA), (24 bytes).
    Removing stm32f10x_tim.o(i.TIM_SelectCOM), (24 bytes).
    Removing stm32f10x_tim.o(i.TIM_SelectHallSensor), (24 bytes).
    Removing stm32f10x_tim.o(i.TIM_SelectInputTrigger), (18 bytes).
    Removing stm32f10x_tim.o(i.TIM_SelectMasterSlaveMode), (18 bytes).
    Removing stm32f10x_tim.o(i.TIM_SelectOCxM), (82 bytes).
    Removing stm32f10x_tim.o(i.TIM_SelectOnePulseMode), (18 bytes).
    Removing stm32f10x_tim.o(i.TIM_SelectOutputTrigger), (18 bytes).
    Removing stm32f10x_tim.o(i.TIM_SelectSlaveMode), (18 bytes).
    Removing stm32f10x_tim.o(i.TIM_SetAutoreload), (4 bytes).
    Removing stm32f10x_tim.o(i.TIM_SetClockDivision), (18 bytes).
    Removing stm32f10x_tim.o(i.TIM_SetCompare2), (4 bytes).
    Removing stm32f10x_tim.o(i.TIM_SetCompare3), (4 bytes).
    Removing stm32f10x_tim.o(i.TIM_SetCounter), (4 bytes).
    Removing stm32f10x_tim.o(i.TIM_SetIC1Prescaler), (18 bytes).
    Removing stm32f10x_tim.o(i.TIM_SetIC2Prescaler), (26 bytes).
    Removing stm32f10x_tim.o(i.TIM_SetIC3Prescaler), (18 bytes).
    Removing stm32f10x_tim.o(i.TIM_SetIC4Prescaler), (26 bytes).
    Removing stm32f10x_tim.o(i.TIM_TIxExternalClockConfig), (62 bytes).
    Removing stm32f10x_tim.o(i.TIM_TimeBaseStructInit), (18 bytes).
    Removing stm32f10x_tim.o(i.TIM_UpdateDisableConfig), (24 bytes).
    Removing stm32f10x_tim.o(i.TIM_UpdateRequestConfig), (24 bytes).
    Removing stm32f10x_usart.o(i.USART_ClearFlag), (18 bytes).
    Removing stm32f10x_usart.o(i.USART_ClearITPendingBit), (30 bytes).
    Removing stm32f10x_usart.o(i.USART_ClockInit), (34 bytes).
    Removing stm32f10x_usart.o(i.USART_ClockStructInit), (12 bytes).
    Removing stm32f10x_usart.o(i.USART_DMACmd), (18 bytes).
    Removing stm32f10x_usart.o(i.USART_DeInit), (156 bytes).
    Removing stm32f10x_usart.o(i.USART_GetFlagStatus), (26 bytes).
    Removing stm32f10x_usart.o(i.USART_HalfDuplexCmd), (24 bytes).
    Removing stm32f10x_usart.o(i.USART_IrDACmd), (24 bytes).
    Removing stm32f10x_usart.o(i.USART_IrDAConfig), (18 bytes).
    Removing stm32f10x_usart.o(i.USART_LINBreakDetectLengthConfig), (18 bytes).
    Removing stm32f10x_usart.o(i.USART_LINCmd), (24 bytes).
    Removing stm32f10x_usart.o(i.USART_OneBitMethodCmd), (24 bytes).
    Removing stm32f10x_usart.o(i.USART_OverSampling8Cmd), (22 bytes).
    Removing stm32f10x_usart.o(i.USART_ReceiverWakeUpCmd), (24 bytes).
    Removing stm32f10x_usart.o(i.USART_SendBreak), (10 bytes).
    Removing stm32f10x_usart.o(i.USART_SetAddress), (18 bytes).
    Removing stm32f10x_usart.o(i.USART_SetGuardTime), (16 bytes).
    Removing stm32f10x_usart.o(i.USART_SetPrescaler), (16 bytes).
    Removing stm32f10x_usart.o(i.USART_SmartCardCmd), (24 bytes).
    Removing stm32f10x_usart.o(i.USART_SmartCardNACKCmd), (24 bytes).
    Removing stm32f10x_usart.o(i.USART_StructInit), (24 bytes).
    Removing stm32f10x_usart.o(i.USART_WakeUpConfig), (18 bytes).
    Removing stm32f10x_wwdg.o(i.WWDG_ClearFlag), (12 bytes).
    Removing stm32f10x_wwdg.o(i.WWDG_DeInit), (22 bytes).
    Removing stm32f10x_wwdg.o(i.WWDG_Enable), (16 bytes).
    Removing stm32f10x_wwdg.o(i.WWDG_EnableIT), (12 bytes).
    Removing stm32f10x_wwdg.o(i.WWDG_GetFlagStatus), (12 bytes).
    Removing stm32f10x_wwdg.o(i.WWDG_SetCounter), (16 bytes).
    Removing stm32f10x_wwdg.o(i.WWDG_SetPrescaler), (24 bytes).
    Removing stm32f10x_wwdg.o(i.WWDG_SetWindowValue), (40 bytes).
    Removing oled.o(i.Dis_Char), (34 bytes).
    Removing oled.o(i.Dis_Float2), (360 bytes).
    Removing oled.o(i.Dis_String), (104 bytes).
    Removing oled.o(i.Draw_Logo), (56 bytes).
    Removing oled.o(i.OLED_2num), (58 bytes).
    Removing oled.o(i.OLED_3num), (84 bytes).
    Removing oled.o(i.OLED_4num), (134 bytes).
    Removing oled.o(i.OLED_CLS), (56 bytes).
    Removing oled.o(i.OLED_Num), (64 bytes).
    Removing oled.o(i.OLED_Num5), (152 bytes).
    Removing oled.o(i.OLED_P14x16Str), (256 bytes).
    Removing oled.o(i.OLED_P8x16Num_8bit), (60 bytes).
    Removing oled.o(i.OLED_Print), (100 bytes).
    Removing oled.o(i.OLED_SetChar), (136 bytes).
    Removing oled.o(i.SetAddressingMode), (18 bytes).
    Removing oled.o(i.SetColumnAddress), (26 bytes).
    Removing oled.o(i.SetContrastControl), (18 bytes).
    Removing oled.o(i.SetPageAddress), (26 bytes).
    Removing oled.o(i.SetStartColumn), (44 bytes).
    Removing oled.o(i.SetStartLine), (14 bytes).
    Removing oled.o(i.SetStartPage), (14 bytes).
    Removing oled.o(i.Set_Charge_Pump), (20 bytes).
    Removing oled.o(i.Set_Common_Config), (20 bytes).
    Removing oled.o(i.Set_Common_Remap), (14 bytes).
    Removing oled.o(i.Set_Display_Clock), (18 bytes).
    Removing oled.o(i.Set_Display_Offset), (18 bytes).
    Removing oled.o(i.Set_Display_On_Off), (14 bytes).
    Removing oled.o(i.Set_Entire_Display), (14 bytes).
    Removing oled.o(i.Set_Inverse_Display), (14 bytes).
    Removing oled.o(i.Set_Multiplex_Ratio), (18 bytes).
    Removing oled.o(i.Set_NOP), (10 bytes).
    Removing oled.o(i.Set_Precharge_Period), (18 bytes).
    Removing oled.o(i.Set_Segment_Remap), (14 bytes).
    Removing oled.o(i.Set_VCOMH), (18 bytes).
    Removing oled.o(i.adjust), (12 bytes).
    Removing oled.o(i.display_page1), (240 bytes).
    Removing oled.o(i.display_page2), (224 bytes).
    Removing oled.o(i.display_page3), (224 bytes).
    Removing oled.o(i.display_page4), (224 bytes).
    Removing oled.o(.data), (16 bytes).
    Removing stmflash.o(i.STMFLASH_Read), (34 bytes).
    Removing stmflash.o(i.STMFLASH_ReadHalfWord), (6 bytes).
    Removing stmflash.o(i.STMFLASH_Write), (232 bytes).
    Removing stmflash.o(i.STMFLASH_Write_NoCheck), (38 bytes).
    Removing stmflash.o(i.Test_Write), (16 bytes).
    Removing stmflash.o(.bss), (2048 bytes).

502 unused section(s) (total 23296 bytes) removed from the image.

==============================================================================

Image Symbol Table

    Local Symbols

    Symbol Name                              Value     Ov Type        Size  Object(Section)

    ../clib/angel/boardlib.s                 0x00000000   Number         0  boardinit3.o ABSOLUTE
    ../clib/angel/boardlib.s                 0x00000000   Number         0  boardinit2.o ABSOLUTE
    ../clib/angel/boardlib.s                 0x00000000   Number         0  boardinit1.o ABSOLUTE
    ../clib/angel/boardlib.s                 0x00000000   Number         0  boardshut.o ABSOLUTE
    ../clib/angel/handlers.s                 0x00000000   Number         0  __scatter_zi.o ABSOLUTE
    ../clib/angel/handlers.s                 0x00000000   Number         0  __scatter_copy.o ABSOLUTE
    ../clib/angel/kernel.s                   0x00000000   Number         0  rtexit.o ABSOLUTE
    ../clib/angel/kernel.s                   0x00000000   Number         0  rtexit2.o ABSOLUTE
    ../clib/angel/kernel.s                   0x00000000   Number         0  __rtentry4.o ABSOLUTE
    ../clib/angel/kernel.s                   0x00000000   Number         0  __rtentry2.o ABSOLUTE
    ../clib/angel/kernel.s                   0x00000000   Number         0  __rtentry.o ABSOLUTE
    ../clib/angel/rt.s                       0x00000000   Number         0  rt_raise.o ABSOLUTE
    ../clib/angel/scatter.s                  0x00000000   Number         0  __scatter.o ABSOLUTE
    ../clib/angel/startup.s                  0x00000000   Number         0  __main.o ABSOLUTE
    ../clib/angel/sys.s                      0x00000000   Number         0  libspace.o ABSOLUTE
    ../clib/angel/sys.s                      0x00000000   Number         0  sys_stackheap_outer.o ABSOLUTE
    ../clib/angel/sys.s                      0x00000000   Number         0  use_no_semi.o ABSOLUTE
    ../clib/angel/sys.s                      0x00000000   Number         0  use_no_semi_2.o ABSOLUTE
    ../clib/angel/sys.s                      0x00000000   Number         0  indicate_semi.o ABSOLUTE
    ../clib/angel/sysapp.c                   0x00000000   Number         0  sys_wrch.o ABSOLUTE
    ../clib/angel/sysapp.c                   0x00000000   Number         0  sys_command.o ABSOLUTE
    ../clib/armsys.c                         0x00000000   Number         0  argv_veneer.o ABSOLUTE
    ../clib/armsys.c                         0x00000000   Number         0  argv_veneer.o ABSOLUTE
    ../clib/armsys.c                         0x00000000   Number         0  _get_argv_nomalloc.o ABSOLUTE
    ../clib/armsys.c                         0x00000000   Number         0  no_argv.o ABSOLUTE
    ../clib/heapalloc.c                      0x00000000   Number         0  hrguard.o ABSOLUTE
    ../clib/heapaux.c                        0x00000000   Number         0  heapauxi.o ABSOLUTE
    ../clib/libinit.s                        0x00000000   Number         0  libinit.o ABSOLUTE
    ../clib/libinit.s                        0x00000000   Number         0  libinit2.o ABSOLUTE
    ../clib/libinit.s                        0x00000000   Number         0  libshutdown.o ABSOLUTE
    ../clib/libinit.s                        0x00000000   Number         0  libshutdown2.o ABSOLUTE
    ../clib/signal.c                         0x00000000   Number         0  defsig_rtred_inner.o ABSOLUTE
    ../clib/signal.c                         0x00000000   Number         0  defsig_fpe_inner.o ABSOLUTE
    ../clib/signal.c                         0x00000000   Number         0  __raise.o ABSOLUTE
    ../clib/signal.c                         0x00000000   Number         0  defsig_rtmem_inner.o ABSOLUTE
    ../clib/signal.c                         0x00000000   Number         0  defsig_exit.o ABSOLUTE
    ../clib/signal.c                         0x00000000   Number         0  defsig_rtmem_formal.o ABSOLUTE
    ../clib/signal.c                         0x00000000   Number         0  defsig_rtmem_outer.o ABSOLUTE
    ../clib/signal.c                         0x00000000   Number         0  defsig_general.o ABSOLUTE
    ../clib/signal.c                         0x00000000   Number         0  defsig_abrt_inner.o ABSOLUTE
    ../clib/signal.c                         0x00000000   Number         0  defsig_other.o ABSOLUTE
    ../clib/signal.c                         0x00000000   Number         0  defsig_segv_inner.o ABSOLUTE
    ../clib/signal.c                         0x00000000   Number         0  defsig_cppl_inner.o ABSOLUTE
    ../clib/signal.c                         0x00000000   Number         0  defsig_pvfn_inner.o ABSOLUTE
    ../clib/signal.c                         0x00000000   Number         0  defsig_stak_inner.o ABSOLUTE
    ../clib/signal.s                         0x00000000   Number         0  defsig.o ABSOLUTE
    ../clib/stdlib.c                         0x00000000   Number         0  exit.o ABSOLUTE
    ../fplib/d2f.s                           0x00000000   Number         0  d2f.o ABSOLUTE
    ../fplib/daddsub.s                       0x00000000   Number         0  daddsub_clz.o ABSOLUTE
    ../fplib/dcmpi.s                         0x00000000   Number         0  dcmpi.o ABSOLUTE
    ../fplib/dfix.s                          0x00000000   Number         0  dfix.o ABSOLUTE
    ../fplib/dfixu.s                         0x00000000   Number         0  dfixu.o ABSOLUTE
    ../fplib/dflt.s                          0x00000000   Number         0  dflt_clz.o ABSOLUTE
    ../fplib/dleqf.s                         0x00000000   Number         0  dleqf.o ABSOLUTE
    ../fplib/dmul.s                          0x00000000   Number         0  dmul.o ABSOLUTE
    ../fplib/dnaninf.s                       0x00000000   Number         0  dnaninf.o ABSOLUTE
    ../fplib/dretinf.s                       0x00000000   Number         0  dretinf.o ABSOLUTE
    ../fplib/f2d.s                           0x00000000   Number         0  f2d.o ABSOLUTE
    ../fplib/faddsub.s                       0x00000000   Number         0  faddsub_clz.o ABSOLUTE
    ../fplib/ffix.s                          0x00000000   Number         0  ffix.o ABSOLUTE
    ../fplib/ffixu.s                         0x00000000   Number         0  ffixu.o ABSOLUTE
    ../fplib/fflt.s                          0x00000000   Number         0  fflt_clz.o ABSOLUTE
    ../fplib/fmul.s                          0x00000000   Number         0  fmul.o ABSOLUTE
    ../fplib/fnaninf.s                       0x00000000   Number         0  fnaninf.o ABSOLUTE
    ../fplib/fpinit.s                        0x00000000   Number         0  fpinit.o ABSOLUTE
    ../fplib/fretinf.s                       0x00000000   Number         0  fretinf.o ABSOLUTE
    ../fplib/usenofp.s                       0x00000000   Number         0  usenofp.o ABSOLUTE
    ..\CORE\core_cm3.c                       0x00000000   Number         0  core_cm3.o ABSOLUTE
    ..\CORE\startup_stm32f10x_md.s           0x00000000   Number         0  startup_stm32f10x_md.o ABSOLUTE
    ..\HARDWARE\BEEP\beep.c                  0x00000000   Number         0  beep.o ABSOLUTE
    ..\HARDWARE\KEY\key.c                    0x00000000   Number         0  key.o ABSOLUTE
    ..\HARDWARE\LED\led.c                    0x00000000   Number         0  led.o ABSOLUTE
    ..\HARDWARE\OLED\oled.c                  0x00000000   Number         0  oled.o ABSOLUTE
    ..\HARDWARE\PWM\pwm.c                    0x00000000   Number         0  pwm.o ABSOLUTE
    ..\HARDWARE\STMFLASH\stmflash.c          0x00000000   Number         0  stmflash.o ABSOLUTE
    ..\HARDWARE\TIMER\timer.c                0x00000000   Number         0  timer.o ABSOLUTE
    ..\STM32F10x_FWLib\src\misc.c            0x00000000   Number         0  misc.o ABSOLUTE
    ..\STM32F10x_FWLib\src\stm32f10x_adc.c   0x00000000   Number         0  stm32f10x_adc.o ABSOLUTE
    ..\STM32F10x_FWLib\src\stm32f10x_bkp.c   0x00000000   Number         0  stm32f10x_bkp.o ABSOLUTE
    ..\STM32F10x_FWLib\src\stm32f10x_can.c   0x00000000   Number         0  stm32f10x_can.o ABSOLUTE
    ..\STM32F10x_FWLib\src\stm32f10x_cec.c   0x00000000   Number         0  stm32f10x_cec.o ABSOLUTE
    ..\STM32F10x_FWLib\src\stm32f10x_crc.c   0x00000000   Number         0  stm32f10x_crc.o ABSOLUTE
    ..\STM32F10x_FWLib\src\stm32f10x_dac.c   0x00000000   Number         0  stm32f10x_dac.o ABSOLUTE
    ..\STM32F10x_FWLib\src\stm32f10x_dbgmcu.c 0x00000000   Number         0  stm32f10x_dbgmcu.o ABSOLUTE
    ..\STM32F10x_FWLib\src\stm32f10x_dma.c   0x00000000   Number         0  stm32f10x_dma.o ABSOLUTE
    ..\STM32F10x_FWLib\src\stm32f10x_exti.c  0x00000000   Number         0  stm32f10x_exti.o ABSOLUTE
    ..\STM32F10x_FWLib\src\stm32f10x_flash.c 0x00000000   Number         0  stm32f10x_flash.o ABSOLUTE
    ..\STM32F10x_FWLib\src\stm32f10x_fsmc.c  0x00000000   Number         0  stm32f10x_fsmc.o ABSOLUTE
    ..\STM32F10x_FWLib\src\stm32f10x_gpio.c  0x00000000   Number         0  stm32f10x_gpio.o ABSOLUTE
    ..\STM32F10x_FWLib\src\stm32f10x_i2c.c   0x00000000   Number         0  stm32f10x_i2c.o ABSOLUTE
    ..\STM32F10x_FWLib\src\stm32f10x_iwdg.c  0x00000000   Number         0  stm32f10x_iwdg.o ABSOLUTE
    ..\STM32F10x_FWLib\src\stm32f10x_pwr.c   0x00000000   Number         0  stm32f10x_pwr.o ABSOLUTE
    ..\STM32F10x_FWLib\src\stm32f10x_rcc.c   0x00000000   Number         0  stm32f10x_rcc.o ABSOLUTE
    ..\STM32F10x_FWLib\src\stm32f10x_rtc.c   0x00000000   Number         0  stm32f10x_rtc.o ABSOLUTE
    ..\STM32F10x_FWLib\src\stm32f10x_sdio.c  0x00000000   Number         0  stm32f10x_sdio.o ABSOLUTE
    ..\STM32F10x_FWLib\src\stm32f10x_spi.c   0x00000000   Number         0  stm32f10x_spi.o ABSOLUTE
    ..\STM32F10x_FWLib\src\stm32f10x_tim.c   0x00000000   Number         0  stm32f10x_tim.o ABSOLUTE
    ..\STM32F10x_FWLib\src\stm32f10x_usart.c 0x00000000   Number         0  stm32f10x_usart.o ABSOLUTE
    ..\STM32F10x_FWLib\src\stm32f10x_wwdg.c  0x00000000   Number         0  stm32f10x_wwdg.o ABSOLUTE
    ..\SYSTEM\delay\delay.c                  0x00000000   Number         0  delay.o ABSOLUTE
    ..\SYSTEM\sys\sys.c                      0x00000000   Number         0  sys.o ABSOLUTE
    ..\SYSTEM\usart\usart.c                  0x00000000   Number         0  usart.o ABSOLUTE
    ..\\CORE\\core_cm3.c                     0x00000000   Number         0  core_cm3.o ABSOLUTE
    ..\\SYSTEM\\sys\\sys.c                   0x00000000   Number         0  sys.o ABSOLUTE
    control.c                                0x00000000   Number         0  control.o ABSOLUTE
    dc.s                                     0x00000000   Number         0  dc.o ABSOLUTE
    debug.c                                  0x00000000   Number         0  debug.o ABSOLUTE
    main.c                                   0x00000000   Number         0  main.o ABSOLUTE
    my_include.c                             0x00000000   Number         0  my_include.o ABSOLUTE
    my_init.c                                0x00000000   Number         0  my_init.o ABSOLUTE
    stm32f10x_it.c                           0x00000000   Number         0  stm32f10x_it.o ABSOLUTE
    system_stm32f10x.c                       0x00000000   Number         0  system_stm32f10x.o ABSOLUTE
    RESET                                    0x08000000   Section      236  startup_stm32f10x_md.o(RESET)
    !!!main                                  0x080000ec   Section        8  __main.o(!!!main)
    !!!scatter                               0x080000f4   Section       52  __scatter.o(!!!scatter)
    !!handler_copy                           0x08000128   Section       26  __scatter_copy.o(!!handler_copy)
    !!handler_zi                             0x08000144   Section       28  __scatter_zi.o(!!handler_zi)
    .ARM.Collect$$libinit$$00000000          0x08000160   Section        2  libinit.o(.ARM.Collect$$libinit$$00000000)
    .ARM.Collect$$libinit$$00000002          0x08000162   Section        0  libinit2.o(.ARM.Collect$$libinit$$00000002)
    .ARM.Collect$$libinit$$00000004          0x08000162   Section        0  libinit2.o(.ARM.Collect$$libinit$$00000004)
    .ARM.Collect$$libinit$$0000000A          0x08000162   Section        0  libinit2.o(.ARM.Collect$$libinit$$0000000A)
    .ARM.Collect$$libinit$$0000000C          0x08000162   Section        0  libinit2.o(.ARM.Collect$$libinit$$0000000C)
    .ARM.Collect$$libinit$$0000000E          0x08000162   Section        0  libinit2.o(.ARM.Collect$$libinit$$0000000E)
    .ARM.Collect$$libinit$$00000011          0x08000162   Section        0  libinit2.o(.ARM.Collect$$libinit$$00000011)
    .ARM.Collect$$libinit$$00000013          0x08000162   Section        0  libinit2.o(.ARM.Collect$$libinit$$00000013)
    .ARM.Collect$$libinit$$00000015          0x08000162   Section        0  libinit2.o(.ARM.Collect$$libinit$$00000015)
    .ARM.Collect$$libinit$$00000017          0x08000162   Section        0  libinit2.o(.ARM.Collect$$libinit$$00000017)
    .ARM.Collect$$libinit$$00000019          0x08000162   Section        0  libinit2.o(.ARM.Collect$$libinit$$00000019)
    .ARM.Collect$$libinit$$0000001B          0x08000162   Section        0  libinit2.o(.ARM.Collect$$libinit$$0000001B)
    .ARM.Collect$$libinit$$0000001D          0x08000162   Section        0  libinit2.o(.ARM.Collect$$libinit$$0000001D)
    .ARM.Collect$$libinit$$0000001F          0x08000162   Section        0  libinit2.o(.ARM.Collect$$libinit$$0000001F)
    .ARM.Collect$$libinit$$00000021          0x08000162   Section        0  libinit2.o(.ARM.Collect$$libinit$$00000021)
    .ARM.Collect$$libinit$$00000023          0x08000162   Section        0  libinit2.o(.ARM.Collect$$libinit$$00000023)
    .ARM.Collect$$libinit$$00000025          0x08000162   Section        0  libinit2.o(.ARM.Collect$$libinit$$00000025)
    .ARM.Collect$$libinit$$0000002C          0x08000162   Section        0  libinit2.o(.ARM.Collect$$libinit$$0000002C)
    .ARM.Collect$$libinit$$0000002E          0x08000162   Section        0  libinit2.o(.ARM.Collect$$libinit$$0000002E)
    .ARM.Collect$$libinit$$00000030          0x08000162   Section        0  libinit2.o(.ARM.Collect$$libinit$$00000030)
    .ARM.Collect$$libinit$$00000032          0x08000162   Section        0  libinit2.o(.ARM.Collect$$libinit$$00000032)
    .ARM.Collect$$libinit$$00000033          0x08000162   Section        2  libinit2.o(.ARM.Collect$$libinit$$00000033)
    .ARM.Collect$$libshutdown$$00000000      0x08000164   Section        2  libshutdown.o(.ARM.Collect$$libshutdown$$00000000)
    .ARM.Collect$$libshutdown$$00000003      0x08000166   Section        0  libshutdown2.o(.ARM.Collect$$libshutdown$$00000003)
    .ARM.Collect$$libshutdown$$00000006      0x08000166   Section        0  libshutdown2.o(.ARM.Collect$$libshutdown$$00000006)
    .ARM.Collect$$libshutdown$$00000009      0x08000166   Section        0  libshutdown2.o(.ARM.Collect$$libshutdown$$00000009)
    .ARM.Collect$$libshutdown$$0000000B      0x08000166   Section        0  libshutdown2.o(.ARM.Collect$$libshutdown$$0000000B)
    .ARM.Collect$$libshutdown$$0000000E      0x08000166   Section        0  libshutdown2.o(.ARM.Collect$$libshutdown$$0000000E)
    .ARM.Collect$$libshutdown$$0000000F      0x08000166   Section        2  libshutdown2.o(.ARM.Collect$$libshutdown$$0000000F)
    .ARM.Collect$$rtentry$$00000000          0x08000168   Section        0  __rtentry.o(.ARM.Collect$$rtentry$$00000000)
    .ARM.Collect$$rtentry$$00000002          0x08000168   Section        0  __rtentry2.o(.ARM.Collect$$rtentry$$00000002)
    .ARM.Collect$$rtentry$$00000004          0x08000168   Section        6  __rtentry4.o(.ARM.Collect$$rtentry$$00000004)
    .ARM.Collect$$rtentry$$00000009          0x0800016e   Section        0  __rtentry2.o(.ARM.Collect$$rtentry$$00000009)
    .ARM.Collect$$rtentry$$0000000A          0x0800016e   Section        4  __rtentry2.o(.ARM.Collect$$rtentry$$0000000A)
    .ARM.Collect$$rtentry$$0000000C          0x08000172   Section        0  __rtentry2.o(.ARM.Collect$$rtentry$$0000000C)
    .ARM.Collect$$rtentry$$0000000D          0x08000172   Section        8  __rtentry2.o(.ARM.Collect$$rtentry$$0000000D)
    .ARM.Collect$$rtexit$$00000000           0x0800017a   Section        2  rtexit.o(.ARM.Collect$$rtexit$$00000000)
    .ARM.Collect$$rtexit$$00000002           0x0800017c   Section        0  rtexit2.o(.ARM.Collect$$rtexit$$00000002)
    .ARM.Collect$$rtexit$$00000003           0x0800017c   Section        4  rtexit2.o(.ARM.Collect$$rtexit$$00000003)
    .ARM.Collect$$rtexit$$00000004           0x08000180   Section        6  rtexit2.o(.ARM.Collect$$rtexit$$00000004)
    .text                                    0x08000188   Section       64  startup_stm32f10x_md.o(.text)
    .text                                    0x080001c8   Section        2  use_no_semi_2.o(.text)
    .text                                    0x080001ca   Section        0  heapauxi.o(.text)
    .text                                    0x080001d0   Section        2  use_no_semi.o(.text)
    .text                                    0x080001d2   Section       74  sys_stackheap_outer.o(.text)
    .text                                    0x0800021c   Section        0  exit.o(.text)
    .text                                    0x08000228   Section        8  libspace.o(.text)
    i.BEEP_Init                              0x08000230   Section        0  beep.o(i.BEEP_Init)
    i.Boma_OLED                              0x08000268   Section        0  debug.o(i.Boma_OLED)
    i.BusFault_Handler                       0x080002bc   Section        0  stm32f10x_it.o(i.BusFault_Handler)
    i.Car_mode_control                       0x080002c0   Section        0  control.o(i.Car_mode_control)
    i.DebugMon_Handler                       0x080003a8   Section        0  stm32f10x_it.o(i.DebugMon_Handler)
    i.Dis_Float                              0x080003ac   Section        0  oled.o(i.Dis_Float)
    i.Dis_Num                                0x08000568   Section        0  oled.o(i.Dis_Num)
    i.FTM_updata                             0x08000608   Section        0  control.o(i.FTM_updata)
    i.Flash_Key                              0x08000690   Section        0  debug.o(i.Flash_Key)
    i.GPIO_Init                              0x08000904   Section        0  stm32f10x_gpio.o(i.GPIO_Init)
    i.GPIO_PinRemapConfig                    0x08000a1c   Section        0  stm32f10x_gpio.o(i.GPIO_PinRemapConfig)
    i.GPIO_ReadInputDataBit                  0x08000aac   Section        0  stm32f10x_gpio.o(i.GPIO_ReadInputDataBit)
    i.GPIO_ResetBits                         0x08000abe   Section        0  stm32f10x_gpio.o(i.GPIO_ResetBits)
    i.GPIO_SetBits                           0x08000ac2   Section        0  stm32f10x_gpio.o(i.GPIO_SetBits)
    i.HardFault_Handler                      0x08000ac6   Section        0  stm32f10x_it.o(i.HardFault_Handler)
    i.Init_Show                              0x08000acc   Section        0  debug.o(i.Init_Show)
    i.KEY_Init                               0x08000b3c   Section        0  key.o(i.KEY_Init)
    i.KYE3_SHOW                              0x08000b80   Section        0  key.o(i.KYE3_SHOW)
    i.Key_scan                               0x08000bb8   Section        0  key.o(i.Key_scan)
    i.LED_Init                               0x08000c50   Section        0  led.o(i.LED_Init)
    i.MemManage_Handler                      0x08000cc0   Section        0  stm32f10x_it.o(i.MemManage_Handler)
    i.Mode_ON_OFF                            0x08000cc4   Section        0  debug.o(i.Mode_ON_OFF)
    i.Mode_ON_OFF_Key                        0x08000d54   Section        0  debug.o(i.Mode_ON_OFF_Key)
    i.NMI_Handler                            0x08000d7c   Section        0  stm32f10x_it.o(i.NMI_Handler)
    i.NVIC_Init                              0x08000d80   Section        0  misc.o(i.NVIC_Init)
    i.OLED_Clear                             0x08000df0   Section        0  oled.o(i.OLED_Clear)
    i.OLED_DLY_ms                            0x08000e30   Section        0  oled.o(i.OLED_DLY_ms)
    i.OLED_DrawBMP                           0x08000e48   Section        0  oled.o(i.OLED_DrawBMP)
    i.OLED_Fill                              0x08000ebe   Section        0  oled.o(i.OLED_Fill)
    i.OLED_Init                              0x08000ef8   Section        0  oled.o(i.OLED_Init)
    i.OLED_P6x8Num_8bit                      0x0800102c   Section        0  oled.o(i.OLED_P6x8Num_8bit)
    i.OLED_P6x8Str                           0x08001068   Section        0  oled.o(i.OLED_P6x8Str)
    i.OLED_P8x16Str                          0x080010cc   Section        0  oled.o(i.OLED_P8x16Str)
    i.OLED_Set_Pos                           0x08001154   Section        0  oled.o(i.OLED_Set_Pos)
    i.OLED_Set_Pos1                          0x08001178   Section        0  oled.o(i.OLED_Set_Pos1)
    i.OLED_ShowCHinese1                      0x080011a8   Section        0  oled.o(i.OLED_ShowCHinese1)
    i.OLED_ShowChar1                         0x08001204   Section        0  oled.o(i.OLED_ShowChar1)
    i.OLED_ShowString1                       0x08001270   Section        0  oled.o(i.OLED_ShowString1)
    i.OLED_WR_Byte                           0x080012a8   Section        0  oled.o(i.OLED_WR_Byte)
    i.OLED_WR_Byte1                          0x08001308   Section        0  oled.o(i.OLED_WR_Byte1)
    i.OLED_WrCmd                             0x08001360   Section        0  oled.o(i.OLED_WrCmd)
    i.OLED_WrDat                             0x080013b8   Section        0  oled.o(i.OLED_WrDat)
    i.PD_control                             0x08001414   Section        0  control.o(i.PD_control)
    i.PendSV_Handler                         0x08001528   Section        0  stm32f10x_it.o(i.PendSV_Handler)
    i.Picture_OLED                           0x0800152c   Section        0  debug.o(i.Picture_OLED)
    i.RCC_APB1PeriphClockCmd                 0x080015a4   Section        0  stm32f10x_rcc.o(i.RCC_APB1PeriphClockCmd)
    i.RCC_APB2PeriphClockCmd                 0x080015c4   Section        0  stm32f10x_rcc.o(i.RCC_APB2PeriphClockCmd)
    i.RCC_GetClocksFreq                      0x080015e4   Section        0  stm32f10x_rcc.o(i.RCC_GetClocksFreq)
    i.SVC_Handler                            0x080016b8   Section        0  stm32f10x_it.o(i.SVC_Handler)
    i.SetSysClock                            0x080016ba   Section        0  system_stm32f10x.o(i.SetSysClock)
    SetSysClock                              0x080016bb   Thumb Code     8  system_stm32f10x.o(i.SetSysClock)
    i.SetSysClockTo72                        0x080016c4   Section        0  system_stm32f10x.o(i.SetSysClockTo72)
    SetSysClockTo72                          0x080016c5   Thumb Code   214  system_stm32f10x.o(i.SetSysClockTo72)
    i.SysTick_CLKSourceConfig                0x080017a4   Section        0  misc.o(i.SysTick_CLKSourceConfig)
    i.SysTick_Handler                        0x080017cc   Section        0  stm32f10x_it.o(i.SysTick_Handler)
    i.SystemInit                             0x080017d0   Section        0  system_stm32f10x.o(i.SystemInit)
    i.TIM1_PWM_Init                          0x08001830   Section        0  pwm.o(i.TIM1_PWM_Init)
    i.TIM3_IRQHandler                        0x080018e0   Section        0  timer.o(i.TIM3_IRQHandler)
    i.TIM3_Int_Init                          0x08001980   Section        0  timer.o(i.TIM3_Int_Init)
    i.TIM_ARRPreloadConfig                   0x080019d4   Section        0  stm32f10x_tim.o(i.TIM_ARRPreloadConfig)
    i.TIM_ClearITPendingBit                  0x080019ec   Section        0  stm32f10x_tim.o(i.TIM_ClearITPendingBit)
    i.TIM_Cmd                                0x080019f2   Section        0  stm32f10x_tim.o(i.TIM_Cmd)
    i.TIM_CtrlPWMOutputs                     0x08001a0a   Section        0  stm32f10x_tim.o(i.TIM_CtrlPWMOutputs)
    i.TIM_GetITStatus                        0x08001a28   Section        0  stm32f10x_tim.o(i.TIM_GetITStatus)
    i.TIM_ITConfig                           0x08001a4a   Section        0  stm32f10x_tim.o(i.TIM_ITConfig)
    i.TIM_OC1Init                            0x08001a5c   Section        0  stm32f10x_tim.o(i.TIM_OC1Init)
    i.TIM_OC4Init                            0x08001af4   Section        0  stm32f10x_tim.o(i.TIM_OC4Init)
    i.TIM_OC4PreloadConfig                   0x08001b70   Section        0  stm32f10x_tim.o(i.TIM_OC4PreloadConfig)
    i.TIM_SetCompare1                        0x08001b8a   Section        0  stm32f10x_tim.o(i.TIM_SetCompare1)
    i.TIM_SetCompare4                        0x08001b8e   Section        0  stm32f10x_tim.o(i.TIM_SetCompare4)
    i.TIM_TimeBaseInit                       0x08001b94   Section        0  stm32f10x_tim.o(i.TIM_TimeBaseInit)
    i.USART1_IRQHandler                      0x08001c38   Section        0  usart.o(i.USART1_IRQHandler)
    i.USART_Cmd                              0x08001d08   Section        0  stm32f10x_usart.o(i.USART_Cmd)
    i.USART_GetITStatus                      0x08001d20   Section        0  stm32f10x_usart.o(i.USART_GetITStatus)
    i.USART_ITConfig                         0x08001d74   Section        0  stm32f10x_usart.o(i.USART_ITConfig)
    i.USART_Init                             0x08001dc0   Section        0  stm32f10x_usart.o(i.USART_Init)
    i.USART_ReceiveData                      0x08001e98   Section        0  stm32f10x_usart.o(i.USART_ReceiveData)
    i.USART_SendData                         0x08001ea2   Section        0  stm32f10x_usart.o(i.USART_SendData)
    i.UsageFault_Handler                     0x08001eaa   Section        0  stm32f10x_it.o(i.UsageFault_Handler)
    i._sys_exit                              0x08001eae   Section        0  usart.o(i._sys_exit)
    i.buzzer_bibi                            0x08001eb4   Section        0  my_include.o(i.buzzer_bibi)
    i.buzzer_ring                            0x08001edc   Section        0  my_include.o(i.buzzer_ring)
    i.car_run_OLED                           0x08001f4c   Section        0  debug.o(i.car_run_OLED)
    i.delay_init                             0x080020e4   Section        0  delay.o(i.delay_init)
    i.delay_ms                               0x08002128   Section        0  delay.o(i.delay_ms)
    i.flash_OLED                             0x08002174   Section        0  debug.o(i.flash_OLED)
    i.init                                   0x08002214   Section        0  my_init.o(i.init)
    i.main                                   0x08002254   Section        0  main.o(i.main)
    i.menu_define                            0x08002280   Section        0  debug.o(i.menu_define)
    i.my_abs                                 0x080022ec   Section        0  my_include.o(i.my_abs)
    i.uart_init                              0x080022fc   Section        0  usart.o(i.uart_init)
    x$fpl$d2f                                0x0800239c   Section       98  d2f.o(x$fpl$d2f)
    x$fpl$dadd                               0x08002400   Section      336  daddsub_clz.o(x$fpl$dadd)
    _dadd1                                   0x08002411   Thumb Code     0  daddsub_clz.o(x$fpl$dadd)
    x$fpl$dcmpinf                            0x08002550   Section       24  dcmpi.o(x$fpl$dcmpinf)
    x$fpl$dfix                               0x08002568   Section       94  dfix.o(x$fpl$dfix)
    x$fpl$dfixu                              0x080025c8   Section       90  dfixu.o(x$fpl$dfixu)
    x$fpl$dflt                               0x08002622   Section       46  dflt_clz.o(x$fpl$dflt)
    x$fpl$dleqf                              0x08002650   Section      120  dleqf.o(x$fpl$dleqf)
    x$fpl$dmul                               0x080026c8   Section      340  dmul.o(x$fpl$dmul)
    x$fpl$dnaninf                            0x0800281c   Section      156  dnaninf.o(x$fpl$dnaninf)
    x$fpl$dretinf                            0x080028b8   Section       12  dretinf.o(x$fpl$dretinf)
    x$fpl$drsb                               0x080028c4   Section       22  daddsub_clz.o(x$fpl$drsb)
    x$fpl$dsub                               0x080028dc   Section      468  daddsub_clz.o(x$fpl$dsub)
    _dsub1                                   0x080028ed   Thumb Code     0  daddsub_clz.o(x$fpl$dsub)
    x$fpl$f2d                                0x08002ab0   Section       86  f2d.o(x$fpl$f2d)
    x$fpl$fadd                               0x08002b08   Section      196  faddsub_clz.o(x$fpl$fadd)
    _fadd1                                   0x08002b17   Thumb Code     0  faddsub_clz.o(x$fpl$fadd)
    x$fpl$ffix                               0x08002bcc   Section       54  ffix.o(x$fpl$ffix)
    x$fpl$fflt                               0x08002c04   Section       48  fflt_clz.o(x$fpl$fflt)
    x$fpl$fmul                               0x08002c34   Section      258  fmul.o(x$fpl$fmul)
    x$fpl$fnaninf                            0x08002d36   Section      140  fnaninf.o(x$fpl$fnaninf)
    x$fpl$fretinf                            0x08002dc2   Section       10  fretinf.o(x$fpl$fretinf)
    x$fpl$fsub                               0x08002dcc   Section      234  faddsub_clz.o(x$fpl$fsub)
    _fsub1                                   0x08002ddb   Thumb Code     0  faddsub_clz.o(x$fpl$fsub)
    .constdata                               0x08002eb6   Section     7995  oled.o(.constdata)
    x$fpl$usenofp                            0x08002eb6   Section        0  usenofp.o(x$fpl$usenofp)
    .data                                    0x20000000   Section       20  system_stm32f10x.o(.data)
    .data                                    0x20000014   Section       36  my_include.o(.data)
    .data                                    0x20000038   Section        3  debug.o(.data)
    change_value                             0x2000003a   Data           1  debug.o(.data)
    .data                                    0x2000003c   Section        4  delay.o(.data)
    fac_us                                   0x2000003c   Data           1  delay.o(.data)
    fac_ms                                   0x2000003e   Data           2  delay.o(.data)
    .data                                    0x20000040   Section       22  usart.o(.data)
    .data                                    0x20000056   Section       20  stm32f10x_rcc.o(.data)
    APBAHBPrescTable                         0x20000056   Data          16  stm32f10x_rcc.o(.data)
    ADCPrescTable                            0x20000066   Data           4  stm32f10x_rcc.o(.data)
    .data                                    0x2000006a   Section        3  timer.o(.data)
    i                                        0x2000006a   Data           1  timer.o(.data)
    conut_100ms                              0x2000006b   Data           1  timer.o(.data)
    change_value                             0x2000006c   Data           1  timer.o(.data)
    .bss                                     0x20000070   Section       96  libspace.o(.bss)
    HEAP                                     0x200000d0   Section      512  startup_stm32f10x_md.o(HEAP)
    Heap_Mem                                 0x200000d0   Data         512  startup_stm32f10x_md.o(HEAP)
    STACK                                    0x200002d0   Section     1024  startup_stm32f10x_md.o(STACK)
    Stack_Mem                                0x200002d0   Data        1024  startup_stm32f10x_md.o(STACK)
    __initial_sp                             0x200006d0   Data           0  startup_stm32f10x_md.o(STACK)

    Global Symbols

    Symbol Name                              Value     Ov Type        Size  Object(Section)

    BuildAttributes$$THM_ISAv4$P$D$K$B$S$PE$A:L22UL41UL21$X:L11$S22US41US21$IEEE1$IW$USESV6$~STKCKD$USESV7$~SHL$OSPACE$ROPI$EBA8$UX$STANDARDLIB$REQ8$PRES8$EABIv2 0x00000000   Number         0  anon$$obj.o ABSOLUTE
    __ARM_use_no_argv                        0x00000000   Number         0  main.o ABSOLUTE
    __ARM_exceptions_init                     - Undefined Weak Reference
    __alloca_initialize                       - Undefined Weak Reference
    __arm_preinit_                            - Undefined Weak Reference
    __cpp_initialize__aeabi_                  - Undefined Weak Reference
    __cxa_finalize                            - Undefined Weak Reference
    __rt_locale                               - Undefined Weak Reference
    __sigvec_lookup                           - Undefined Weak Reference
    _atexit_init                              - Undefined Weak Reference
    _call_atexit_fns                          - Undefined Weak Reference
    _clock_init                               - Undefined Weak Reference
    _fp_trap_init                             - Undefined Weak Reference
    _fp_trap_shutdown                         - Undefined Weak Reference
    _get_lc_collate                           - Undefined Weak Reference
    _get_lc_ctype                             - Undefined Weak Reference
    _get_lc_monetary                          - Undefined Weak Reference
    _get_lc_numeric                           - Undefined Weak Reference
    _get_lc_time                              - Undefined Weak Reference
    _getenv_init                              - Undefined Weak Reference
    _handle_redirection                       - Undefined Weak Reference
    _init_alloc                               - Undefined Weak Reference
    _init_user_alloc                          - Undefined Weak Reference
    _initio                                   - Undefined Weak Reference
    _rand_init                                - Undefined Weak Reference
    _signal_finish                            - Undefined Weak Reference
    _signal_init                              - Undefined Weak Reference
    _terminate_alloc                          - Undefined Weak Reference
    _terminate_user_alloc                     - Undefined Weak Reference
    _terminateio                              - Undefined Weak Reference
    __Vectors_Size                           0x000000ec   Number         0  startup_stm32f10x_md.o ABSOLUTE
    __Vectors                                0x08000000   Data           4  startup_stm32f10x_md.o(RESET)
    __Vectors_End                            0x080000ec   Data           0  startup_stm32f10x_md.o(RESET)
    __main                                   0x080000ed   Thumb Code     8  __main.o(!!!main)
    __scatterload                            0x080000f5   Thumb Code     0  __scatter.o(!!!scatter)
    __scatterload_rt2                        0x080000f5   Thumb Code    44  __scatter.o(!!!scatter)
    __scatterload_rt2_thumb_only             0x080000f5   Thumb Code     0  __scatter.o(!!!scatter)
    __scatterload_null                       0x08000103   Thumb Code     0  __scatter.o(!!!scatter)
    __scatterload_copy                       0x08000129   Thumb Code    26  __scatter_copy.o(!!handler_copy)
    __scatterload_zeroinit                   0x08000145   Thumb Code    28  __scatter_zi.o(!!handler_zi)
    __rt_lib_init                            0x08000161   Thumb Code     0  libinit.o(.ARM.Collect$$libinit$$00000000)
    __rt_lib_init_alloca_1                   0x08000163   Thumb Code     0  libinit2.o(.ARM.Collect$$libinit$$0000002E)
    __rt_lib_init_argv_1                     0x08000163   Thumb Code     0  libinit2.o(.ARM.Collect$$libinit$$0000002C)
    __rt_lib_init_atexit_1                   0x08000163   Thumb Code     0  libinit2.o(.ARM.Collect$$libinit$$0000001B)
    __rt_lib_init_clock_1                    0x08000163   Thumb Code     0  libinit2.o(.ARM.Collect$$libinit$$00000021)
    __rt_lib_init_cpp_1                      0x08000163   Thumb Code     0  libinit2.o(.ARM.Collect$$libinit$$00000032)
    __rt_lib_init_exceptions_1               0x08000163   Thumb Code     0  libinit2.o(.ARM.Collect$$libinit$$00000030)
    __rt_lib_init_fp_1                       0x08000163   Thumb Code     0  libinit2.o(.ARM.Collect$$libinit$$00000002)
    __rt_lib_init_fp_trap_1                  0x08000163   Thumb Code     0  libinit2.o(.ARM.Collect$$libinit$$0000001F)
    __rt_lib_init_getenv_1                   0x08000163   Thumb Code     0  libinit2.o(.ARM.Collect$$libinit$$00000023)
    __rt_lib_init_heap_1                     0x08000163   Thumb Code     0  libinit2.o(.ARM.Collect$$libinit$$0000000A)
    __rt_lib_init_lc_collate_1               0x08000163   Thumb Code     0  libinit2.o(.ARM.Collect$$libinit$$00000011)
    __rt_lib_init_lc_ctype_1                 0x08000163   Thumb Code     0  libinit2.o(.ARM.Collect$$libinit$$00000013)
    __rt_lib_init_lc_monetary_1              0x08000163   Thumb Code     0  libinit2.o(.ARM.Collect$$libinit$$00000015)
    __rt_lib_init_lc_numeric_1               0x08000163   Thumb Code     0  libinit2.o(.ARM.Collect$$libinit$$00000017)
    __rt_lib_init_lc_time_1                  0x08000163   Thumb Code     0  libinit2.o(.ARM.Collect$$libinit$$00000019)
    __rt_lib_init_preinit_1                  0x08000163   Thumb Code     0  libinit2.o(.ARM.Collect$$libinit$$00000004)
    __rt_lib_init_rand_1                     0x08000163   Thumb Code     0  libinit2.o(.ARM.Collect$$libinit$$0000000E)
    __rt_lib_init_return                     0x08000163   Thumb Code     0  libinit2.o(.ARM.Collect$$libinit$$00000033)
    __rt_lib_init_signal_1                   0x08000163   Thumb Code     0  libinit2.o(.ARM.Collect$$libinit$$0000001D)
    __rt_lib_init_stdio_1                    0x08000163   Thumb Code     0  libinit2.o(.ARM.Collect$$libinit$$00000025)
    __rt_lib_init_user_alloc_1               0x08000163   Thumb Code     0  libinit2.o(.ARM.Collect$$libinit$$0000000C)
    __rt_lib_shutdown                        0x08000165   Thumb Code     0  libshutdown.o(.ARM.Collect$$libshutdown$$00000000)
    __rt_lib_shutdown_fp_trap_1              0x08000167   Thumb Code     0  libshutdown2.o(.ARM.Collect$$libshutdown$$00000006)
    __rt_lib_shutdown_heap_1                 0x08000167   Thumb Code     0  libshutdown2.o(.ARM.Collect$$libshutdown$$0000000E)
    __rt_lib_shutdown_return                 0x08000167   Thumb Code     0  libshutdown2.o(.ARM.Collect$$libshutdown$$0000000F)
    __rt_lib_shutdown_signal_1               0x08000167   Thumb Code     0  libshutdown2.o(.ARM.Collect$$libshutdown$$00000009)
    __rt_lib_shutdown_stdio_1                0x08000167   Thumb Code     0  libshutdown2.o(.ARM.Collect$$libshutdown$$00000003)
    __rt_lib_shutdown_user_alloc_1           0x08000167   Thumb Code     0  libshutdown2.o(.ARM.Collect$$libshutdown$$0000000B)
    __rt_entry                               0x08000169   Thumb Code     0  __rtentry.o(.ARM.Collect$$rtentry$$00000000)
    __rt_entry_presh_1                       0x08000169   Thumb Code     0  __rtentry2.o(.ARM.Collect$$rtentry$$00000002)
    __rt_entry_sh                            0x08000169   Thumb Code     0  __rtentry4.o(.ARM.Collect$$rtentry$$00000004)
    __rt_entry_li                            0x0800016f   Thumb Code     0  __rtentry2.o(.ARM.Collect$$rtentry$$0000000A)
    __rt_entry_postsh_1                      0x0800016f   Thumb Code     0  __rtentry2.o(.ARM.Collect$$rtentry$$00000009)
    __rt_entry_main                          0x08000173   Thumb Code     0  __rtentry2.o(.ARM.Collect$$rtentry$$0000000D)
    __rt_entry_postli_1                      0x08000173   Thumb Code     0  __rtentry2.o(.ARM.Collect$$rtentry$$0000000C)
    __rt_exit                                0x0800017b   Thumb Code     0  rtexit.o(.ARM.Collect$$rtexit$$00000000)
    __rt_exit_ls                             0x0800017d   Thumb Code     0  rtexit2.o(.ARM.Collect$$rtexit$$00000003)
    __rt_exit_prels_1                        0x0800017d   Thumb Code     0  rtexit2.o(.ARM.Collect$$rtexit$$00000002)
    __rt_exit_exit                           0x08000181   Thumb Code     0  rtexit2.o(.ARM.Collect$$rtexit$$00000004)
    Reset_Handler                            0x08000189   Thumb Code     8  startup_stm32f10x_md.o(.text)
    ADC1_2_IRQHandler                        0x080001a3   Thumb Code     0  startup_stm32f10x_md.o(.text)
    CAN1_RX1_IRQHandler                      0x080001a3   Thumb Code     0  startup_stm32f10x_md.o(.text)
    CAN1_SCE_IRQHandler                      0x080001a3   Thumb Code     0  startup_stm32f10x_md.o(.text)
    DMA1_Channel1_IRQHandler                 0x080001a3   Thumb Code     0  startup_stm32f10x_md.o(.text)
    DMA1_Channel2_IRQHandler                 0x080001a3   Thumb Code     0  startup_stm32f10x_md.o(.text)
    DMA1_Channel3_IRQHandler                 0x080001a3   Thumb Code     0  startup_stm32f10x_md.o(.text)
    DMA1_Channel4_IRQHandler                 0x080001a3   Thumb Code     0  startup_stm32f10x_md.o(.text)
    DMA1_Channel5_IRQHandler                 0x080001a3   Thumb Code     0  startup_stm32f10x_md.o(.text)
    DMA1_Channel6_IRQHandler                 0x080001a3   Thumb Code     0  startup_stm32f10x_md.o(.text)
    DMA1_Channel7_IRQHandler                 0x080001a3   Thumb Code     0  startup_stm32f10x_md.o(.text)
    EXTI0_IRQHandler                         0x080001a3   Thumb Code     0  startup_stm32f10x_md.o(.text)
    EXTI15_10_IRQHandler                     0x080001a3   Thumb Code     0  startup_stm32f10x_md.o(.text)
    EXTI1_IRQHandler                         0x080001a3   Thumb Code     0  startup_stm32f10x_md.o(.text)
    EXTI2_IRQHandler                         0x080001a3   Thumb Code     0  startup_stm32f10x_md.o(.text)
    EXTI3_IRQHandler                         0x080001a3   Thumb Code     0  startup_stm32f10x_md.o(.text)
    EXTI4_IRQHandler                         0x080001a3   Thumb Code     0  startup_stm32f10x_md.o(.text)
    EXTI9_5_IRQHandler                       0x080001a3   Thumb Code     0  startup_stm32f10x_md.o(.text)
    FLASH_IRQHandler                         0x080001a3   Thumb Code     0  startup_stm32f10x_md.o(.text)
    I2C1_ER_IRQHandler                       0x080001a3   Thumb Code     0  startup_stm32f10x_md.o(.text)
    I2C1_EV_IRQHandler                       0x080001a3   Thumb Code     0  startup_stm32f10x_md.o(.text)
    I2C2_ER_IRQHandler                       0x080001a3   Thumb Code     0  startup_stm32f10x_md.o(.text)
    I2C2_EV_IRQHandler                       0x080001a3   Thumb Code     0  startup_stm32f10x_md.o(.text)
    PVD_IRQHandler                           0x080001a3   Thumb Code     0  startup_stm32f10x_md.o(.text)
    RCC_IRQHandler                           0x080001a3   Thumb Code     0  startup_stm32f10x_md.o(.text)
    RTCAlarm_IRQHandler                      0x080001a3   Thumb Code     0  startup_stm32f10x_md.o(.text)
    RTC_IRQHandler                           0x080001a3   Thumb Code     0  startup_stm32f10x_md.o(.text)
    SPI1_IRQHandler                          0x080001a3   Thumb Code     0  startup_stm32f10x_md.o(.text)
    SPI2_IRQHandler                          0x080001a3   Thumb Code     0  startup_stm32f10x_md.o(.text)
    TAMPER_IRQHandler                        0x080001a3   Thumb Code     0  startup_stm32f10x_md.o(.text)
    TIM1_BRK_IRQHandler                      0x080001a3   Thumb Code     0  startup_stm32f10x_md.o(.text)
    TIM1_CC_IRQHandler                       0x080001a3   Thumb Code     0  startup_stm32f10x_md.o(.text)
    TIM1_TRG_COM_IRQHandler                  0x080001a3   Thumb Code     0  startup_stm32f10x_md.o(.text)
    TIM1_UP_IRQHandler                       0x080001a3   Thumb Code     0  startup_stm32f10x_md.o(.text)
    TIM2_IRQHandler                          0x080001a3   Thumb Code     0  startup_stm32f10x_md.o(.text)
    TIM4_IRQHandler                          0x080001a3   Thumb Code     0  startup_stm32f10x_md.o(.text)
    USART2_IRQHandler                        0x080001a3   Thumb Code     0  startup_stm32f10x_md.o(.text)
    USART3_IRQHandler                        0x080001a3   Thumb Code     0  startup_stm32f10x_md.o(.text)
    USBWakeUp_IRQHandler                     0x080001a3   Thumb Code     0  startup_stm32f10x_md.o(.text)
    USB_HP_CAN1_TX_IRQHandler                0x080001a3   Thumb Code     0  startup_stm32f10x_md.o(.text)
    USB_LP_CAN1_RX0_IRQHandler               0x080001a3   Thumb Code     0  startup_stm32f10x_md.o(.text)
    WWDG_IRQHandler                          0x080001a3   Thumb Code     0  startup_stm32f10x_md.o(.text)
    __user_initial_stackheap                 0x080001a5   Thumb Code     0  startup_stm32f10x_md.o(.text)
    __use_no_semihosting                     0x080001c9   Thumb Code     2  use_no_semi_2.o(.text)
    __use_two_region_memory                  0x080001cb   Thumb Code     2  heapauxi.o(.text)
    __rt_heap_escrow$2region                 0x080001cd   Thumb Code     2  heapauxi.o(.text)
    __rt_heap_expand$2region                 0x080001cf   Thumb Code     2  heapauxi.o(.text)
    __I$use$semihosting                      0x080001d1   Thumb Code     0  use_no_semi.o(.text)
    __use_no_semihosting_swi                 0x080001d1   Thumb Code     2  use_no_semi.o(.text)
    __user_setup_stackheap                   0x080001d3   Thumb Code    74  sys_stackheap_outer.o(.text)
    exit                                     0x0800021d   Thumb Code    12  exit.o(.text)
    __user_libspace                          0x08000229   Thumb Code     8  libspace.o(.text)
    __user_perproc_libspace                  0x08000229   Thumb Code     0  libspace.o(.text)
    __user_perthread_libspace                0x08000229   Thumb Code     0  libspace.o(.text)
    BEEP_Init                                0x08000231   Thumb Code    50  beep.o(i.BEEP_Init)
    Boma_OLED                                0x08000269   Thumb Code    78  debug.o(i.Boma_OLED)
    BusFault_Handler                         0x080002bd   Thumb Code     4  stm32f10x_it.o(i.BusFault_Handler)
    Car_mode_control                         0x080002c1   Thumb Code   206  control.o(i.Car_mode_control)
    DebugMon_Handler                         0x080003a9   Thumb Code     2  stm32f10x_it.o(i.DebugMon_Handler)
    Dis_Float                                0x080003ad   Thumb Code   440  oled.o(i.Dis_Float)
    Dis_Num                                  0x08000569   Thumb Code   160  oled.o(i.Dis_Num)
    FTM_updata                               0x08000609   Thumb Code   122  control.o(i.FTM_updata)
    Flash_Key                                0x08000691   Thumb Code   596  debug.o(i.Flash_Key)
    GPIO_Init                                0x08000905   Thumb Code   278  stm32f10x_gpio.o(i.GPIO_Init)
    GPIO_PinRemapConfig                      0x08000a1d   Thumb Code   138  stm32f10x_gpio.o(i.GPIO_PinRemapConfig)
    GPIO_ReadInputDataBit                    0x08000aad   Thumb Code    18  stm32f10x_gpio.o(i.GPIO_ReadInputDataBit)
    GPIO_ResetBits                           0x08000abf   Thumb Code     4  stm32f10x_gpio.o(i.GPIO_ResetBits)
    GPIO_SetBits                             0x08000ac3   Thumb Code     4  stm32f10x_gpio.o(i.GPIO_SetBits)
    HardFault_Handler                        0x08000ac7   Thumb Code     4  stm32f10x_it.o(i.HardFault_Handler)
    Init_Show                                0x08000acd   Thumb Code   106  debug.o(i.Init_Show)
    KEY_Init                                 0x08000b3d   Thumb Code    60  key.o(i.KEY_Init)
    KYE3_SHOW                                0x08000b81   Thumb Code    42  key.o(i.KYE3_SHOW)
    Key_scan                                 0x08000bb9   Thumb Code   146  key.o(i.Key_scan)
    LED_Init                                 0x08000c51   Thumb Code   102  led.o(i.LED_Init)
    MemManage_Handler                        0x08000cc1   Thumb Code     4  stm32f10x_it.o(i.MemManage_Handler)
    Mode_ON_OFF                              0x08000cc5   Thumb Code   106  debug.o(i.Mode_ON_OFF)
    Mode_ON_OFF_Key                          0x08000d55   Thumb Code    34  debug.o(i.Mode_ON_OFF_Key)
    NMI_Handler                              0x08000d7d   Thumb Code     2  stm32f10x_it.o(i.NMI_Handler)
    NVIC_Init                                0x08000d81   Thumb Code   100  misc.o(i.NVIC_Init)
    OLED_Clear                               0x08000df1   Thumb Code    64  oled.o(i.OLED_Clear)
    OLED_DLY_ms                              0x08000e31   Thumb Code    24  oled.o(i.OLED_DLY_ms)
    OLED_DrawBMP                             0x08000e49   Thumb Code   118  oled.o(i.OLED_DrawBMP)
    OLED_Fill                                0x08000ebf   Thumb Code    58  oled.o(i.OLED_Fill)
    OLED_Init                                0x08000ef9   Thumb Code   298  oled.o(i.OLED_Init)
    OLED_P6x8Num_8bit                        0x0800102d   Thumb Code    60  oled.o(i.OLED_P6x8Num_8bit)
    OLED_P6x8Str                             0x08001069   Thumb Code    96  oled.o(i.OLED_P6x8Str)
    OLED_P8x16Str                            0x080010cd   Thumb Code   130  oled.o(i.OLED_P8x16Str)
    OLED_Set_Pos                             0x08001155   Thumb Code    36  oled.o(i.OLED_Set_Pos)
    OLED_Set_Pos1                            0x08001179   Thumb Code    46  oled.o(i.OLED_Set_Pos1)
    OLED_ShowCHinese1                        0x080011a9   Thumb Code    88  oled.o(i.OLED_ShowCHinese1)
    OLED_ShowChar1                           0x08001205   Thumb Code   102  oled.o(i.OLED_ShowChar1)
    OLED_ShowString1                         0x08001271   Thumb Code    54  oled.o(i.OLED_ShowString1)
    OLED_WR_Byte                             0x080012a9   Thumb Code    92  oled.o(i.OLED_WR_Byte)
    OLED_WR_Byte1                            0x08001309   Thumb Code    84  oled.o(i.OLED_WR_Byte1)
    OLED_WrCmd                               0x08001361   Thumb Code    84  oled.o(i.OLED_WrCmd)
    OLED_WrDat                               0x080013b9   Thumb Code    86  oled.o(i.OLED_WrDat)
    PD_control                               0x08001415   Thumb Code   246  control.o(i.PD_control)
    PendSV_Handler                           0x08001529   Thumb Code     2  stm32f10x_it.o(i.PendSV_Handler)
    Picture_OLED                             0x0800152d   Thumb Code   102  debug.o(i.Picture_OLED)
    RCC_APB1PeriphClockCmd                   0x080015a5   Thumb Code    26  stm32f10x_rcc.o(i.RCC_APB1PeriphClockCmd)
    RCC_APB2PeriphClockCmd                   0x080015c5   Thumb Code    26  stm32f10x_rcc.o(i.RCC_APB2PeriphClockCmd)
    RCC_GetClocksFreq                        0x080015e5   Thumb Code   192  stm32f10x_rcc.o(i.RCC_GetClocksFreq)
    SVC_Handler                              0x080016b9   Thumb Code     2  stm32f10x_it.o(i.SVC_Handler)
    SysTick_CLKSourceConfig                  0x080017a5   Thumb Code    40  misc.o(i.SysTick_CLKSourceConfig)
    SysTick_Handler                          0x080017cd   Thumb Code     2  stm32f10x_it.o(i.SysTick_Handler)
    SystemInit                               0x080017d1   Thumb Code    78  system_stm32f10x.o(i.SystemInit)
    TIM1_PWM_Init                            0x08001831   Thumb Code   166  pwm.o(i.TIM1_PWM_Init)
    TIM3_IRQHandler                          0x080018e1   Thumb Code   128  timer.o(i.TIM3_IRQHandler)
    TIM3_Int_Init                            0x08001981   Thumb Code    80  timer.o(i.TIM3_Int_Init)
    TIM_ARRPreloadConfig                     0x080019d5   Thumb Code    24  stm32f10x_tim.o(i.TIM_ARRPreloadConfig)
    TIM_ClearITPendingBit                    0x080019ed   Thumb Code     6  stm32f10x_tim.o(i.TIM_ClearITPendingBit)
    TIM_Cmd                                  0x080019f3   Thumb Code    24  stm32f10x_tim.o(i.TIM_Cmd)
    TIM_CtrlPWMOutputs                       0x08001a0b   Thumb Code    30  stm32f10x_tim.o(i.TIM_CtrlPWMOutputs)
    TIM_GetITStatus                          0x08001a29   Thumb Code    34  stm32f10x_tim.o(i.TIM_GetITStatus)
    TIM_ITConfig                             0x08001a4b   Thumb Code    18  stm32f10x_tim.o(i.TIM_ITConfig)
    TIM_OC1Init                              0x08001a5d   Thumb Code   132  stm32f10x_tim.o(i.TIM_OC1Init)
    TIM_OC4Init                              0x08001af5   Thumb Code   114  stm32f10x_tim.o(i.TIM_OC4Init)
    TIM_OC4PreloadConfig                     0x08001b71   Thumb Code    26  stm32f10x_tim.o(i.TIM_OC4PreloadConfig)
    TIM_SetCompare1                          0x08001b8b   Thumb Code     4  stm32f10x_tim.o(i.TIM_SetCompare1)
    TIM_SetCompare4                          0x08001b8f   Thumb Code     6  stm32f10x_tim.o(i.TIM_SetCompare4)
    TIM_TimeBaseInit                         0x08001b95   Thumb Code   122  stm32f10x_tim.o(i.TIM_TimeBaseInit)
    USART1_IRQHandler                        0x08001c39   Thumb Code   190  usart.o(i.USART1_IRQHandler)
    USART_Cmd                                0x08001d09   Thumb Code    24  stm32f10x_usart.o(i.USART_Cmd)
    USART_GetITStatus                        0x08001d21   Thumb Code    84  stm32f10x_usart.o(i.USART_GetITStatus)
    USART_ITConfig                           0x08001d75   Thumb Code    74  stm32f10x_usart.o(i.USART_ITConfig)
    USART_Init                               0x08001dc1   Thumb Code   210  stm32f10x_usart.o(i.USART_Init)
    USART_ReceiveData                        0x08001e99   Thumb Code    10  stm32f10x_usart.o(i.USART_ReceiveData)
    USART_SendData                           0x08001ea3   Thumb Code     8  stm32f10x_usart.o(i.USART_SendData)
    UsageFault_Handler                       0x08001eab   Thumb Code     4  stm32f10x_it.o(i.UsageFault_Handler)
    _sys_exit                                0x08001eaf   Thumb Code     6  usart.o(i._sys_exit)
    buzzer_bibi                              0x08001eb5   Thumb Code    26  my_include.o(i.buzzer_bibi)
    buzzer_ring                              0x08001edd   Thumb Code    96  my_include.o(i.buzzer_ring)
    car_run_OLED                             0x08001f4d   Thumb Code   306  debug.o(i.car_run_OLED)
    delay_init                               0x080020e5   Thumb Code    50  delay.o(i.delay_init)
    delay_ms                                 0x08002129   Thumb Code    72  delay.o(i.delay_ms)
    flash_OLED                               0x08002175   Thumb Code   120  debug.o(i.flash_OLED)
    init                                     0x08002215   Thumb Code    64  my_init.o(i.init)
    main                                     0x08002255   Thumb Code    36  main.o(i.main)
    menu_define                              0x08002281   Thumb Code    96  debug.o(i.menu_define)
    my_abs                                   0x080022ed   Thumb Code    16  my_include.o(i.my_abs)
    uart_init                                0x080022fd   Thumb Code   152  usart.o(i.uart_init)
    __aeabi_d2f                              0x0800239d   Thumb Code     0  d2f.o(x$fpl$d2f)
    _d2f                                     0x0800239d   Thumb Code    98  d2f.o(x$fpl$d2f)
    __aeabi_dadd                             0x08002401   Thumb Code     0  daddsub_clz.o(x$fpl$dadd)
    _dadd                                    0x08002401   Thumb Code   332  daddsub_clz.o(x$fpl$dadd)
    __fpl_dcmp_Inf                           0x08002551   Thumb Code    24  dcmpi.o(x$fpl$dcmpinf)
    __aeabi_d2iz                             0x08002569   Thumb Code     0  dfix.o(x$fpl$dfix)
    _dfix                                    0x08002569   Thumb Code    94  dfix.o(x$fpl$dfix)
    __aeabi_d2uiz                            0x080025c9   Thumb Code     0  dfixu.o(x$fpl$dfixu)
    _dfixu                                   0x080025c9   Thumb Code    90  dfixu.o(x$fpl$dfixu)
    __aeabi_i2d                              0x08002623   Thumb Code     0  dflt_clz.o(x$fpl$dflt)
    _dflt                                    0x08002623   Thumb Code    46  dflt_clz.o(x$fpl$dflt)
    __aeabi_cdcmple                          0x08002651   Thumb Code     0  dleqf.o(x$fpl$dleqf)
    _dcmple                                  0x08002651   Thumb Code   120  dleqf.o(x$fpl$dleqf)
    __fpl_dcmple_InfNaN                      0x080026b3   Thumb Code     0  dleqf.o(x$fpl$dleqf)
    __aeabi_dmul                             0x080026c9   Thumb Code     0  dmul.o(x$fpl$dmul)
    _dmul                                    0x080026c9   Thumb Code   332  dmul.o(x$fpl$dmul)
    __fpl_dnaninf                            0x0800281d   Thumb Code   156  dnaninf.o(x$fpl$dnaninf)
    __fpl_dretinf                            0x080028b9   Thumb Code    12  dretinf.o(x$fpl$dretinf)
    __aeabi_drsub                            0x080028c5   Thumb Code     0  daddsub_clz.o(x$fpl$drsb)
    _drsb                                    0x080028c5   Thumb Code    22  daddsub_clz.o(x$fpl$drsb)
    __aeabi_dsub                             0x080028dd   Thumb Code     0  daddsub_clz.o(x$fpl$dsub)
    _dsub                                    0x080028dd   Thumb Code   464  daddsub_clz.o(x$fpl$dsub)
    __aeabi_f2d                              0x08002ab1   Thumb Code     0  f2d.o(x$fpl$f2d)
    _f2d                                     0x08002ab1   Thumb Code    86  f2d.o(x$fpl$f2d)
    __aeabi_fadd                             0x08002b09   Thumb Code     0  faddsub_clz.o(x$fpl$fadd)
    _fadd                                    0x08002b09   Thumb Code   196  faddsub_clz.o(x$fpl$fadd)
    __aeabi_f2iz                             0x08002bcd   Thumb Code     0  ffix.o(x$fpl$ffix)
    _ffix                                    0x08002bcd   Thumb Code    54  ffix.o(x$fpl$ffix)
    __aeabi_i2f                              0x08002c05   Thumb Code     0  fflt_clz.o(x$fpl$fflt)
    _fflt                                    0x08002c05   Thumb Code    48  fflt_clz.o(x$fpl$fflt)
    __aeabi_fmul                             0x08002c35   Thumb Code     0  fmul.o(x$fpl$fmul)
    _fmul                                    0x08002c35   Thumb Code   258  fmul.o(x$fpl$fmul)
    __fpl_fnaninf                            0x08002d37   Thumb Code   140  fnaninf.o(x$fpl$fnaninf)
    __fpl_fretinf                            0x08002dc3   Thumb Code    10  fretinf.o(x$fpl$fretinf)
    __aeabi_fsub                             0x08002dcd   Thumb Code     0  faddsub_clz.o(x$fpl$fsub)
    _fsub                                    0x08002dcd   Thumb Code   234  faddsub_clz.o(x$fpl$fsub)
    F6x8                                     0x08002eb6   Data         552  oled.o(.constdata)
    __I$use$fp                               0x08002eb6   Number         0  usenofp.o(x$fpl$usenofp)
    F14x16_Idx                               0x080030de   Data          17  oled.o(.constdata)
    F14x16                                   0x080030ef   Data         224  oled.o(.constdata)
    F8X16                                    0x080031cf   Data        1520  oled.o(.constdata)
    LOGO128x64                               0x080037bf   Data        1024  oled.o(.constdata)
    Hzk                                      0x08003bbf   Data        2048  oled.o(.constdata)
    JMU_LOGO                                 0x080043bf   Data         960  oled.o(.constdata)
    ETA_LOGO1                                0x0800477f   Data         880  oled.o(.constdata)
    ETA_LOGO2                                0x08004aef   Data         770  oled.o(.constdata)
    Region$$Table$$Base                      0x08004df4   Number         0  anon$$obj.o(Region$$Table)
    Region$$Table$$Limit                     0x08004e14   Number         0  anon$$obj.o(Region$$Table)
    SystemCoreClock                          0x20000000   Data           4  system_stm32f10x.o(.data)
    AHBPrescTable                            0x20000004   Data          16  system_stm32f10x.o(.data)
    car_mode                                 0x20000014   Data           1  my_include.o(.data)
    MENU                                     0x20000015   Data           1  my_include.o(.data)
    run_duty                                 0x20000016   Data           4  my_include.o(.data)
    C_P                                      0x2000001c   Data           4  my_include.o(.data)
    C_D                                      0x20000020   Data           4  my_include.o(.data)
    ser_duty                                 0x20000024   Data           2  my_include.o(.data)
    x_error                                  0x20000026   Data           2  my_include.o(.data)
    last_x_error                             0x20000028   Data           2  my_include.o(.data)
    row                                      0x2000002a   Data           1  my_include.o(.data)
    unit                                     0x2000002b   Data           1  my_include.o(.data)
    ball_colcor                              0x2000002c   Data           1  my_include.o(.data)
    integer                                  0x2000002e   Data           2  my_include.o(.data)
    decimal                                  0x20000030   Data           2  my_include.o(.data)
    BEEP_ON_OFF                              0x20000032   Data           1  my_include.o(.data)
    buzzer_time                              0x20000033   Data           1  my_include.o(.data)
    buzzer_count                             0x20000034   Data           1  my_include.o(.data)
    buzzer_number                            0x20000035   Data           1  my_include.o(.data)
    lase_x                                   0x20000036   Data           1  my_include.o(.data)
    out_edge                                 0x20000037   Data           1  my_include.o(.data)
    SIZE1                                    0x20000038   Data           1  debug.o(.data)
    SIZE2                                    0x20000039   Data           1  debug.o(.data)
    recv1_data_ok                            0x20000040   Data           1  usart.o(.data)
    data_number                              0x20000041   Data           1  usart.o(.data)
    rec_start                                0x20000042   Data           1  usart.o(.data)
    star_buffer                              0x20000043   Data           1  usart.o(.data)
    control_data                             0x20000044   Data          10  usart.o(.data)
    __stdout                                 0x20000050   Data           4  usart.o(.data)
    USART_RX_STA                             0x20000054   Data           2  usart.o(.data)
    __libspace_start                         0x20000070   Data          96  libspace.o(.bss)
    __temporary_stack_top$libspace           0x200000d0   Data           0  libspace.o(.bss)



==============================================================================

Memory Map of the image

  Image Entry point : 0x08000189

  Load Region LR_1 (Base: 0x08000000, Size: 0x00004e84, Max: 0xffffffff, ABSOLUTE)

    Execution Region ER_RO (Base: 0x08000000, Size: 0x00004e14, Max: 0xffffffff, ABSOLUTE)

    Base Addr    Size         Type   Attr      Idx    E Section Name        Object

    0x08000000   0x000000ec   Data   RO          535    RESET               startup_stm32f10x_md.o
    0x080000ec   0x00000008   Code   RO         3994  * !!!main             c_w.l(__main.o)
    0x080000f4   0x00000034   Code   RO         4209    !!!scatter          c_w.l(__scatter.o)
    0x08000128   0x0000001a   Code   RO         4211    !!handler_copy      c_w.l(__scatter_copy.o)
    0x08000142   0x00000002   PAD
    0x08000144   0x0000001c   Code   RO         4213    !!handler_zi        c_w.l(__scatter_zi.o)
    0x08000160   0x00000002   Code   RO         4084    .ARM.Collect$$libinit$$00000000  c_w.l(libinit.o)
    0x08000162   0x00000000   Code   RO         4091    .ARM.Collect$$libinit$$00000002  c_w.l(libinit2.o)
    0x08000162   0x00000000   Code   RO         4093    .ARM.Collect$$libinit$$00000004  c_w.l(libinit2.o)
    0x08000162   0x00000000   Code   RO         4096    .ARM.Collect$$libinit$$0000000A  c_w.l(libinit2.o)
    0x08000162   0x00000000   Code   RO         4098    .ARM.Collect$$libinit$$0000000C  c_w.l(libinit2.o)
    0x08000162   0x00000000   Code   RO         4100    .ARM.Collect$$libinit$$0000000E  c_w.l(libinit2.o)
    0x08000162   0x00000000   Code   RO         4103    .ARM.Collect$$libinit$$00000011  c_w.l(libinit2.o)
    0x08000162   0x00000000   Code   RO         4105    .ARM.Collect$$libinit$$00000013  c_w.l(libinit2.o)
    0x08000162   0x00000000   Code   RO         4107    .ARM.Collect$$libinit$$00000015  c_w.l(libinit2.o)
    0x08000162   0x00000000   Code   RO         4109    .ARM.Collect$$libinit$$00000017  c_w.l(libinit2.o)
    0x08000162   0x00000000   Code   RO         4111    .ARM.Collect$$libinit$$00000019  c_w.l(libinit2.o)
    0x08000162   0x00000000   Code   RO         4113    .ARM.Collect$$libinit$$0000001B  c_w.l(libinit2.o)
    0x08000162   0x00000000   Code   RO         4115    .ARM.Collect$$libinit$$0000001D  c_w.l(libinit2.o)
    0x08000162   0x00000000   Code   RO         4117    .ARM.Collect$$libinit$$0000001F  c_w.l(libinit2.o)
    0x08000162   0x00000000   Code   RO         4119    .ARM.Collect$$libinit$$00000021  c_w.l(libinit2.o)
    0x08000162   0x00000000   Code   RO         4121    .ARM.Collect$$libinit$$00000023  c_w.l(libinit2.o)
    0x08000162   0x00000000   Code   RO         4123    .ARM.Collect$$libinit$$00000025  c_w.l(libinit2.o)
    0x08000162   0x00000000   Code   RO         4127    .ARM.Collect$$libinit$$0000002C  c_w.l(libinit2.o)
    0x08000162   0x00000000   Code   RO         4129    .ARM.Collect$$libinit$$0000002E  c_w.l(libinit2.o)
    0x08000162   0x00000000   Code   RO         4131    .ARM.Collect$$libinit$$00000030  c_w.l(libinit2.o)
    0x08000162   0x00000000   Code   RO         4133    .ARM.Collect$$libinit$$00000032  c_w.l(libinit2.o)
    0x08000162   0x00000002   Code   RO         4134    .ARM.Collect$$libinit$$00000033  c_w.l(libinit2.o)
    0x08000164   0x00000002   Code   RO         4152    .ARM.Collect$$libshutdown$$00000000  c_w.l(libshutdown.o)
    0x08000166   0x00000000   Code   RO         4163    .ARM.Collect$$libshutdown$$00000003  c_w.l(libshutdown2.o)
    0x08000166   0x00000000   Code   RO         4166    .ARM.Collect$$libshutdown$$00000006  c_w.l(libshutdown2.o)
    0x08000166   0x00000000   Code   RO         4169    .ARM.Collect$$libshutdown$$00000009  c_w.l(libshutdown2.o)
    0x08000166   0x00000000   Code   RO         4171    .ARM.Collect$$libshutdown$$0000000B  c_w.l(libshutdown2.o)
    0x08000166   0x00000000   Code   RO         4174    .ARM.Collect$$libshutdown$$0000000E  c_w.l(libshutdown2.o)
    0x08000166   0x00000002   Code   RO         4175    .ARM.Collect$$libshutdown$$0000000F  c_w.l(libshutdown2.o)
    0x08000168   0x00000000   Code   RO         4048    .ARM.Collect$$rtentry$$00000000  c_w.l(__rtentry.o)
    0x08000168   0x00000000   Code   RO         4061    .ARM.Collect$$rtentry$$00000002  c_w.l(__rtentry2.o)
    0x08000168   0x00000006   Code   RO         4073    .ARM.Collect$$rtentry$$00000004  c_w.l(__rtentry4.o)
    0x0800016e   0x00000000   Code   RO         4063    .ARM.Collect$$rtentry$$00000009  c_w.l(__rtentry2.o)
    0x0800016e   0x00000004   Code   RO         4064    .ARM.Collect$$rtentry$$0000000A  c_w.l(__rtentry2.o)
    0x08000172   0x00000000   Code   RO         4066    .ARM.Collect$$rtentry$$0000000C  c_w.l(__rtentry2.o)
    0x08000172   0x00000008   Code   RO         4067    .ARM.Collect$$rtentry$$0000000D  c_w.l(__rtentry2.o)
    0x0800017a   0x00000002   Code   RO         4088    .ARM.Collect$$rtexit$$00000000  c_w.l(rtexit.o)
    0x0800017c   0x00000000   Code   RO         4136    .ARM.Collect$$rtexit$$00000002  c_w.l(rtexit2.o)
    0x0800017c   0x00000004   Code   RO         4137    .ARM.Collect$$rtexit$$00000003  c_w.l(rtexit2.o)
    0x08000180   0x00000006   Code   RO         4138    .ARM.Collect$$rtexit$$00000004  c_w.l(rtexit2.o)
    0x08000186   0x00000002   PAD
    0x08000188   0x00000040   Code   RO          536  * .text               startup_stm32f10x_md.o
    0x080001c8   0x00000002   Code   RO         3990    .text               c_w.l(use_no_semi_2.o)
    0x080001ca   0x00000006   Code   RO         3992    .text               c_w.l(heapauxi.o)
    0x080001d0   0x00000002   Code   RO         4046    .text               c_w.l(use_no_semi.o)
    0x080001d2   0x0000004a   Code   RO         4075    .text               c_w.l(sys_stackheap_outer.o)
    0x0800021c   0x0000000c   Code   RO         4077    .text               c_w.l(exit.o)
    0x08000228   0x00000008   Code   RO         4085    .text               c_w.l(libspace.o)
    0x08000230   0x00000038   Code   RO         3912    i.BEEP_Init         beep.o
    0x08000268   0x00000054   Code   RO          345    i.Boma_OLED         debug.o
    0x080002bc   0x00000004   Code   RO          164    i.BusFault_Handler  stm32f10x_it.o
    0x080002c0   0x000000e8   Code   RO          320    i.Car_mode_control  control.o
    0x080003a8   0x00000002   Code   RO          165    i.DebugMon_Handler  stm32f10x_it.o
    0x080003aa   0x00000002   PAD
    0x080003ac   0x000001bc   Code   RO         3508    i.Dis_Float         oled.o
    0x08000568   0x000000a0   Code   RO         3510    i.Dis_Num           oled.o
    0x08000608   0x00000088   Code   RO          321    i.FTM_updata        control.o
    0x08000690   0x00000274   Code   RO          346    i.Flash_Key         debug.o
    0x08000904   0x00000116   Code   RO         1691    i.GPIO_Init         stm32f10x_gpio.o
    0x08000a1a   0x00000002   PAD
    0x08000a1c   0x00000090   Code   RO         1693    i.GPIO_PinRemapConfig  stm32f10x_gpio.o
    0x08000aac   0x00000012   Code   RO         1695    i.GPIO_ReadInputDataBit  stm32f10x_gpio.o
    0x08000abe   0x00000004   Code   RO         1698    i.GPIO_ResetBits    stm32f10x_gpio.o
    0x08000ac2   0x00000004   Code   RO         1699    i.GPIO_SetBits      stm32f10x_gpio.o
    0x08000ac6   0x00000004   Code   RO          166    i.HardFault_Handler  stm32f10x_it.o
    0x08000aca   0x00000002   PAD
    0x08000acc   0x00000070   Code   RO          347    i.Init_Show         debug.o
    0x08000b3c   0x00000044   Code   RO         3924    i.KEY_Init          key.o
    0x08000b80   0x00000038   Code   RO         3925    i.KYE3_SHOW         key.o
    0x08000bb8   0x00000098   Code   RO         3926    i.Key_scan          key.o
    0x08000c50   0x00000070   Code   RO         3868    i.LED_Init          led.o
    0x08000cc0   0x00000004   Code   RO          167    i.MemManage_Handler  stm32f10x_it.o
    0x08000cc4   0x00000090   Code   RO          348    i.Mode_ON_OFF       debug.o
    0x08000d54   0x00000028   Code   RO          349    i.Mode_ON_OFF_Key   debug.o
    0x08000d7c   0x00000002   Code   RO          168    i.NMI_Handler       stm32f10x_it.o
    0x08000d7e   0x00000002   PAD
    0x08000d80   0x00000070   Code   RO          540    i.NVIC_Init         misc.o
    0x08000df0   0x00000040   Code   RO         3517    i.OLED_Clear        oled.o
    0x08000e30   0x00000018   Code   RO         3518    i.OLED_DLY_ms       oled.o
    0x08000e48   0x00000076   Code   RO         3519    i.OLED_DrawBMP      oled.o
    0x08000ebe   0x0000003a   Code   RO         3520    i.OLED_Fill         oled.o
    0x08000ef8   0x00000134   Code   RO         3521    i.OLED_Init         oled.o
    0x0800102c   0x0000003c   Code   RO         3525    i.OLED_P6x8Num_8bit  oled.o
    0x08001068   0x00000064   Code   RO         3526    i.OLED_P6x8Str      oled.o
    0x080010cc   0x00000088   Code   RO         3528    i.OLED_P8x16Str     oled.o
    0x08001154   0x00000024   Code   RO         3531    i.OLED_Set_Pos      oled.o
    0x08001178   0x0000002e   Code   RO         3532    i.OLED_Set_Pos1     oled.o
    0x080011a6   0x00000002   PAD
    0x080011a8   0x0000005c   Code   RO         3533    i.OLED_ShowCHinese1  oled.o
    0x08001204   0x0000006c   Code   RO         3534    i.OLED_ShowChar1    oled.o
    0x08001270   0x00000036   Code   RO         3535    i.OLED_ShowString1  oled.o
    0x080012a6   0x00000002   PAD
    0x080012a8   0x00000060   Code   RO         3536    i.OLED_WR_Byte      oled.o
    0x08001308   0x00000058   Code   RO         3537    i.OLED_WR_Byte1     oled.o
    0x08001360   0x00000058   Code   RO         3538    i.OLED_WrCmd        oled.o
    0x080013b8   0x0000005c   Code   RO         3539    i.OLED_WrDat        oled.o
    0x08001414   0x00000114   Code   RO          322    i.PD_control        control.o
    0x08001528   0x00000002   Code   RO          169    i.PendSV_Handler    stm32f10x_it.o
    0x0800152a   0x00000002   PAD
    0x0800152c   0x00000078   Code   RO          350    i.Picture_OLED      debug.o
    0x080015a4   0x00000020   Code   RO         2107    i.RCC_APB1PeriphClockCmd  stm32f10x_rcc.o
    0x080015c4   0x00000020   Code   RO         2109    i.RCC_APB2PeriphClockCmd  stm32f10x_rcc.o
    0x080015e4   0x000000d4   Code   RO         2117    i.RCC_GetClocksFreq  stm32f10x_rcc.o
    0x080016b8   0x00000002   Code   RO          170    i.SVC_Handler       stm32f10x_it.o
    0x080016ba   0x00000008   Code   RO          253    i.SetSysClock       system_stm32f10x.o
    0x080016c2   0x00000002   PAD
    0x080016c4   0x000000e0   Code   RO          254    i.SetSysClockTo72   system_stm32f10x.o
    0x080017a4   0x00000028   Code   RO          544    i.SysTick_CLKSourceConfig  misc.o
    0x080017cc   0x00000002   Code   RO          171    i.SysTick_Handler   stm32f10x_it.o
    0x080017ce   0x00000002   PAD
    0x080017d0   0x00000060   Code   RO          256    i.SystemInit        system_stm32f10x.o
    0x08001830   0x000000b0   Code   RO         3880    i.TIM1_PWM_Init     pwm.o
    0x080018e0   0x000000a0   Code   RO         3892    i.TIM3_IRQHandler   timer.o
    0x08001980   0x00000054   Code   RO         3893    i.TIM3_Int_Init     timer.o
    0x080019d4   0x00000018   Code   RO         2729    i.TIM_ARRPreloadConfig  stm32f10x_tim.o
    0x080019ec   0x00000006   Code   RO         2736    i.TIM_ClearITPendingBit  stm32f10x_tim.o
    0x080019f2   0x00000018   Code   RO         2741    i.TIM_Cmd           stm32f10x_tim.o
    0x08001a0a   0x0000001e   Code   RO         2743    i.TIM_CtrlPWMOutputs  stm32f10x_tim.o
    0x08001a28   0x00000022   Code   RO         2762    i.TIM_GetITStatus   stm32f10x_tim.o
    0x08001a4a   0x00000012   Code   RO         2766    i.TIM_ITConfig      stm32f10x_tim.o
    0x08001a5c   0x00000098   Code   RO         2770    i.TIM_OC1Init       stm32f10x_tim.o
    0x08001af4   0x0000007c   Code   RO         2785    i.TIM_OC4Init       stm32f10x_tim.o
    0x08001b70   0x0000001a   Code   RO         2787    i.TIM_OC4PreloadConfig  stm32f10x_tim.o
    0x08001b8a   0x00000004   Code   RO         2802    i.TIM_SetCompare1   stm32f10x_tim.o
    0x08001b8e   0x00000006   Code   RO         2805    i.TIM_SetCompare4   stm32f10x_tim.o
    0x08001b94   0x000000a4   Code   RO         2812    i.TIM_TimeBaseInit  stm32f10x_tim.o
    0x08001c38   0x000000d0   Code   RO          470    i.USART1_IRQHandler  usart.o
    0x08001d08   0x00000018   Code   RO         3277    i.USART_Cmd         stm32f10x_usart.o
    0x08001d20   0x00000054   Code   RO         3281    i.USART_GetITStatus  stm32f10x_usart.o
    0x08001d74   0x0000004a   Code   RO         3283    i.USART_ITConfig    stm32f10x_usart.o
    0x08001dbe   0x00000002   PAD
    0x08001dc0   0x000000d8   Code   RO         3284    i.USART_Init        stm32f10x_usart.o
    0x08001e98   0x0000000a   Code   RO         3291    i.USART_ReceiveData  stm32f10x_usart.o
    0x08001ea2   0x00000008   Code   RO         3294    i.USART_SendData    stm32f10x_usart.o
    0x08001eaa   0x00000004   Code   RO          172    i.UsageFault_Handler  stm32f10x_it.o
    0x08001eae   0x00000006   Code   RO          471    i._sys_exit         usart.o
    0x08001eb4   0x00000028   Code   RO          287    i.buzzer_bibi       my_include.o
    0x08001edc   0x00000070   Code   RO          289    i.buzzer_ring       my_include.o
    0x08001f4c   0x00000198   Code   RO          351    i.car_run_OLED      debug.o
    0x080020e4   0x00000044   Code   RO          415    i.delay_init        delay.o
    0x08002128   0x0000004c   Code   RO          416    i.delay_ms          delay.o
    0x08002174   0x000000a0   Code   RO          352    i.flash_OLED        debug.o
    0x08002214   0x00000040   Code   RO          148    i.init              my_init.o
    0x08002254   0x0000002c   Code   RO            1    i.main              main.o
    0x08002280   0x0000006c   Code   RO          354    i.menu_define       debug.o
    0x080022ec   0x00000010   Code   RO          290    i.my_abs            my_include.o
    0x080022fc   0x000000a0   Code   RO          473    i.uart_init         usart.o
    0x0800239c   0x00000062   Code   RO         3996    x$fpl$d2f           fz_ws.l(d2f.o)
    0x080023fe   0x00000002   PAD
    0x08002400   0x00000150   Code   RO         3998    x$fpl$dadd          fz_ws.l(daddsub_clz.o)
    0x08002550   0x00000018   Code   RO         4049    x$fpl$dcmpinf       fz_ws.l(dcmpi.o)
    0x08002568   0x0000005e   Code   RO         4004    x$fpl$dfix          fz_ws.l(dfix.o)
    0x080025c6   0x00000002   PAD
    0x080025c8   0x0000005a   Code   RO         4008    x$fpl$dfixu         fz_ws.l(dfixu.o)
    0x08002622   0x0000002e   Code   RO         4013    x$fpl$dflt          fz_ws.l(dflt_clz.o)
    0x08002650   0x00000078   Code   RO         4018    x$fpl$dleqf         fz_ws.l(dleqf.o)
    0x080026c8   0x00000154   Code   RO         4020    x$fpl$dmul          fz_ws.l(dmul.o)
    0x0800281c   0x0000009c   Code   RO         4051    x$fpl$dnaninf       fz_ws.l(dnaninf.o)
    0x080028b8   0x0000000c   Code   RO         4053    x$fpl$dretinf       fz_ws.l(dretinf.o)
    0x080028c4   0x00000016   Code   RO         3999    x$fpl$drsb          fz_ws.l(daddsub_clz.o)
    0x080028da   0x00000002   PAD
    0x080028dc   0x000001d4   Code   RO         4000    x$fpl$dsub          fz_ws.l(daddsub_clz.o)
    0x08002ab0   0x00000056   Code   RO         4022    x$fpl$f2d           fz_ws.l(f2d.o)
    0x08002b06   0x00000002   PAD
    0x08002b08   0x000000c4   Code   RO         4024    x$fpl$fadd          fz_ws.l(faddsub_clz.o)
    0x08002bcc   0x00000036   Code   RO         4030    x$fpl$ffix          fz_ws.l(ffix.o)
    0x08002c02   0x00000002   PAD
    0x08002c04   0x00000030   Code   RO         4039    x$fpl$fflt          fz_ws.l(fflt_clz.o)
    0x08002c34   0x00000102   Code   RO         4044    x$fpl$fmul          fz_ws.l(fmul.o)
    0x08002d36   0x0000008c   Code   RO         4055    x$fpl$fnaninf       fz_ws.l(fnaninf.o)
    0x08002dc2   0x0000000a   Code   RO         4057    x$fpl$fretinf       fz_ws.l(fretinf.o)
    0x08002dcc   0x000000ea   Code   RO         4026    x$fpl$fsub          fz_ws.l(faddsub_clz.o)
    0x08002eb6   0x00000000   Code   RO         4059    x$fpl$usenofp       fz_ws.l(usenofp.o)
    0x08002eb6   0x00001f3b   Data   RO         3565    .constdata          oled.o
    0x08004df1   0x00000003   PAD
    0x08004df4   0x00000020   Data   RO         4207    Region$$Table       anon$$obj.o


    Execution Region ER_RW (Base: 0x20000000, Size: 0x00000070, Max: 0xffffffff, ABSOLUTE)

    Base Addr    Size         Type   Attr      Idx    E Section Name        Object

    0x20000000   0x00000014   Data   RW          257    .data               system_stm32f10x.o
    0x20000014   0x00000024   Data   RW          291    .data               my_include.o
    0x20000038   0x00000003   Data   RW          355    .data               debug.o
    0x2000003b   0x00000001   PAD
    0x2000003c   0x00000004   Data   RW          418    .data               delay.o
    0x20000040   0x00000016   Data   RW          475    .data               usart.o
    0x20000056   0x00000014   Data   RW         2137    .data               stm32f10x_rcc.o
    0x2000006a   0x00000003   Data   RW         3894    .data               timer.o


    Execution Region ER_ZI (Base: 0x20000070, Size: 0x00000660, Max: 0xffffffff, ABSOLUTE)

    Base Addr    Size         Type   Attr      Idx    E Section Name        Object

    0x20000070   0x00000060   Zero   RW         4086    .bss                c_w.l(libspace.o)
    0x200000d0   0x00000200   Zero   RW          534    HEAP                startup_stm32f10x_md.o
    0x200002d0   0x00000400   Zero   RW          533    STACK               startup_stm32f10x_md.o


==============================================================================

Image component sizes


      Code (inc. data)   RO Data    RW Data    ZI Data      Debug   Object Name

        56          6          0          0          0        528   beep.o
       644         70          0          0          0       1685   control.o
      1804        266          0          3          0       5063   debug.o
       144         22          0          4          0       1292   delay.o
       276         28          0          0          0       1650   key.o
       112         10          0          0          0        551   led.o
        44          8          0          0          0     253583   main.o
       152         12          0          0          0       1646   misc.o
       168         30          0         36          0       2684   my_include.o
        64          0          0          0          0        495   my_init.o
      2172         52       7995          0          0      14498   oled.o
       176         10          0          0          0        772   pwm.o
        64         26        236          0       1536        824   startup_stm32f10x_md.o
       448          6          0          0          0       4662   stm32f10x_gpio.o
        26          0          0          0          0       4010   stm32f10x_it.o
       276         32          0         20          0       4610   stm32f10x_rcc.o
       612         72          0          0          0       8165   stm32f10x_tim.o
       416          6          0          0          0       5719   stm32f10x_usart.o
         0          0          0          0          0         32   sys.o
       328         28          0         20          0       2257   system_stm32f10x.o
       244         36          0          3          0       1310   timer.o
       374         26          0         22          0       4653   usart.o

    ----------------------------------------------------------------------
      8620        746       8266        112       1536     320689   Object Totals
         0          0         32          0          0          0   (incl. Generated)
        20          0          3          4          0          0   (incl. Padding)

    ----------------------------------------------------------------------

      Code (inc. data)   RO Data    RW Data    ZI Data      Debug   Library Member Name

         8          0          0          0          0         68   __main.o
         0          0          0          0          0          0   __rtentry.o
        12          0          0          0          0          0   __rtentry2.o
         6          0          0          0          0          0   __rtentry4.o
        52          8          0          0          0          0   __scatter.o
        26          0          0          0          0          0   __scatter_copy.o
        28          0          0          0          0          0   __scatter_zi.o
        12          0          0          0          0         72   exit.o
         6          0          0          0          0        152   heapauxi.o
         2          0          0          0          0          0   libinit.o
         2          0          0          0          0          0   libinit2.o
         2          0          0          0          0          0   libshutdown.o
         2          0          0          0          0          0   libshutdown2.o
         8          4          0          0         96         68   libspace.o
         2          0          0          0          0          0   rtexit.o
        10          0          0          0          0          0   rtexit2.o
        74          0          0          0          0         80   sys_stackheap_outer.o
         2          0          0          0          0         68   use_no_semi.o
         2          0          0          0          0         68   use_no_semi_2.o
        98          4          0          0          0         92   d2f.o
       826         16          0          0          0        348   daddsub_clz.o
        24          0          0          0          0         68   dcmpi.o
        94          4          0          0          0         92   dfix.o
        90          4          0          0          0         92   dfixu.o
        46          0          0          0          0         68   dflt_clz.o
       120          4          0          0          0         92   dleqf.o
       340         12          0          0          0        104   dmul.o
       156          4          0          0          0         92   dnaninf.o
        12          0          0          0          0         68   dretinf.o
        86          4          0          0          0         84   f2d.o
       430          8          0          0          0        168   faddsub_clz.o
        54          4          0          0          0         84   ffix.o
        48          0          0          0          0         68   fflt_clz.o
       258          4          0          0          0         84   fmul.o
       140          4          0          0          0         84   fnaninf.o
        10          0          0          0          0         68   fretinf.o
         0          0          0          0          0          0   usenofp.o

    ----------------------------------------------------------------------
      3102         84          0          0         96       2332   Library Totals
        14          0          0          0          0          0   (incl. Padding)

    ----------------------------------------------------------------------

      Code (inc. data)   RO Data    RW Data    ZI Data      Debug   Library Name

       256         12          0          0         96        576   c_w.l
      2832         72          0          0          0       1756   fz_ws.l

    ----------------------------------------------------------------------
      3102         84          0          0         96       2332   Library Totals

    ----------------------------------------------------------------------

==============================================================================


      Code (inc. data)   RO Data    RW Data    ZI Data      Debug   

     11722        830       8266        112       1632     317401   Grand Totals
     11722        830       8266        112       1632     317401   ELF Image Totals
     11722        830       8266        112          0          0   ROM Totals

==============================================================================

    Total RO  Size (Code + RO Data)                19988 (  19.52kB)
    Total RW  Size (RW Data + ZI Data)              1744 (   1.70kB)
    Total ROM Size (Code + RO Data + RW Data)      20100 (  19.63kB)

==============================================================================

