Component: ARM Compiler 5.05 update 1 (build 106) Tool: armlink [4d0efa]

==============================================================================

Section Cross References

    main.o(.text) refers to system_stm32f10x.o(.text) for SystemInit
    main.o(.text) refers to channel_out.o(.text) for channel_init
    main.o(.text) refers to yaokongqi.o(.text) for yaokongqi_init
    main.o(.text) refers to openmv.o(.text) for openmv_init
    main.o(.text) refers to chaoshengbo.o(.text) for sr04_init
    main.o(.text) refers to public.o(.text) for delay_s
    main.o(.text) refers to apm_function.o(.text) for ALT_HOLD
    main.o(.text) refers to yaokongqi.o(.data) for key_status
    system_stm32f10x.o(.text) refers to system_stm32f10x.o(.data) for SystemCoreClock
    startup_stm32f10x_hd.o(RESET) refers to startup_stm32f10x_hd.o(STACK) for __initial_sp
    startup_stm32f10x_hd.o(RESET) refers to startup_stm32f10x_hd.o(.text) for Reset_Handler
    startup_stm32f10x_hd.o(RESET) refers to stm32f10x_it.o(.text) for NMI_Handler
    startup_stm32f10x_hd.o(RESET) refers to chaoshengbo.o(.text) for TIM4_IRQHandler
    startup_stm32f10x_hd.o(.text) refers to system_stm32f10x.o(.text) for SystemInit
    startup_stm32f10x_hd.o(.text) refers to entry.o(.ARM.Collect$$$$00000000) for __main
    stm32f10x_gpio.o(.text) refers to stm32f10x_rcc.o(.text) for RCC_APB2PeriphResetCmd
    stm32f10x_rcc.o(.text) refers to stm32f10x_rcc.o(.data) for APBAHBPrescTable
    stm32f10x_tim.o(.text) refers to stm32f10x_rcc.o(.text) for RCC_APB2PeriphResetCmd
    stm32f10x_usart.o(.text) refers to stm32f10x_rcc.o(.text) for RCC_APB2PeriphResetCmd
    channel_out.o(.text) refers to stm32f10x_rcc.o(.text) for RCC_APB2PeriphClockCmd
    channel_out.o(.text) refers to stm32f10x_gpio.o(.text) for GPIO_Init
    channel_out.o(.text) refers to stm32f10x_tim.o(.text) for TIM_TimeBaseInit
    channel_out.o(.text) refers to apm_function.o(.text) for change_ch_value
    yaokongqi.o(.text) refers to stm32f10x_rcc.o(.text) for RCC_APB2PeriphClockCmd
    yaokongqi.o(.text) refers to stm32f10x_gpio.o(.text) for GPIO_Init
    yaokongqi.o(.text) refers to public.o(.text) for delay_ms
    yaokongqi.o(.text) refers to yaokongqi.o(.data) for key_status
    apm_function.o(.text) refers to strcmp.o(.text) for strcmp
    apm_function.o(.text) refers to stm32f10x_tim.o(.text) for TIM_SetCompare1
    apm_function.o(.text) refers to public.o(.text) for delay_s
    apm_function.o(.text) refers to yaokongqi.o(.text) for key_test
    apm_function.o(.text) refers to openmv.o(.text) for openmv_test
    apm_function.o(.text) refers to chaoshengbo.o(.text) for get_hight
    apm_function.o(.text) refers to cfcmple.o(.text) for __aeabi_cfcmple
    apm_function.o(.text) refers to dflti.o(.text) for __aeabi_i2d
    apm_function.o(.text) refers to dadd.o(.text) for __aeabi_dsub
    apm_function.o(.text) refers to dfixi.o(.text) for __aeabi_d2iz
    apm_function.o(.text) refers to cfrcmple.o(.text) for __aeabi_cfrcmple
    apm_function.o(.text) refers to yaokongqi.o(.data) for key_status
    apm_function.o(.text) refers to openmv.o(.data) for openmv_status
    openmv.o(.text) refers to stm32f10x_rcc.o(.text) for RCC_APB2PeriphClockCmd
    openmv.o(.text) refers to stm32f10x_gpio.o(.text) for GPIO_Init
    openmv.o(.text) refers to public.o(.text) for delay_ms
    openmv.o(.text) refers to openmv.o(.data) for openmv_status
    chaoshengbo.o(.text) refers to misc.o(.text) for NVIC_PriorityGroupConfig
    chaoshengbo.o(.text) refers to stm32f10x_rcc.o(.text) for RCC_APB2PeriphClockCmd
    chaoshengbo.o(.text) refers to stm32f10x_gpio.o(.text) for GPIO_Init
    chaoshengbo.o(.text) refers to stm32f10x_tim.o(.text) for TIM_DeInit
    chaoshengbo.o(.text) refers to public.o(.text) for delay_us
    chaoshengbo.o(.text) refers to dflti.o(.text) for __aeabi_i2d
    chaoshengbo.o(.text) refers to ddiv.o(.text) for __aeabi_ddiv
    chaoshengbo.o(.text) refers to d2f.o(.text) for __aeabi_d2f
    chaoshengbo.o(.text) refers to fadd.o(.text) for __aeabi_fadd
    chaoshengbo.o(.text) refers to fdiv.o(.text) for __aeabi_fdiv
    chaoshengbo.o(.text) refers to chaoshengbo.o(.data) for overcount
    entry.o(.ARM.Collect$$$$00000000) refers (Special) to entry10a.o(.ARM.Collect$$$$0000000D) for __rt_final_cpp
    entry.o(.ARM.Collect$$$$00000000) refers (Special) to entry11a.o(.ARM.Collect$$$$0000000F) for __rt_final_exit
    entry.o(.ARM.Collect$$$$00000000) refers (Special) to entry7b.o(.ARM.Collect$$$$00000008) for _main_clock
    entry.o(.ARM.Collect$$$$00000000) refers (Special) to entry8b.o(.ARM.Collect$$$$0000000A) for _main_cpp_init
    entry.o(.ARM.Collect$$$$00000000) refers (Special) to entry9a.o(.ARM.Collect$$$$0000000B) for _main_init
    entry.o(.ARM.Collect$$$$00000000) refers (Special) to entry5.o(.ARM.Collect$$$$00000004) for _main_scatterload
    entry.o(.ARM.Collect$$$$00000000) refers (Special) to entry2.o(.ARM.Collect$$$$00000001) for _main_stk
    fadd.o(.text) refers (Special) to iusefp.o(.text) for __I$use$fp
    fadd.o(.text) refers to fepilogue.o(.text) for _float_epilogue
    fdiv.o(.text) refers (Special) to iusefp.o(.text) for __I$use$fp
    fdiv.o(.text) refers to fepilogue.o(.text) for _float_round
    dadd.o(.text) refers (Special) to iusefp.o(.text) for __I$use$fp
    dadd.o(.text) refers to llshl.o(.text) for __aeabi_llsl
    dadd.o(.text) refers to llsshr.o(.text) for __aeabi_lasr
    dadd.o(.text) refers to depilogue.o(.text) for _double_epilogue
    ddiv.o(.text) refers (Special) to iusefp.o(.text) for __I$use$fp
    ddiv.o(.text) refers to depilogue.o(.text) for _double_round
    dflti.o(.text) refers (Special) to iusefp.o(.text) for __I$use$fp
    dflti.o(.text) refers to depilogue.o(.text) for _double_epilogue
    dfixi.o(.text) refers (Special) to iusefp.o(.text) for __I$use$fp
    dfixi.o(.text) refers to llushr.o(.text) for __aeabi_llsr
    d2f.o(.text) refers (Special) to iusefp.o(.text) for __I$use$fp
    d2f.o(.text) refers to fepilogue.o(.text) for _float_round
    cfcmple.o(.text) refers (Special) to iusefp.o(.text) for __I$use$fp
    cfrcmple.o(.text) refers (Special) to iusefp.o(.text) for __I$use$fp
    entry2.o(.ARM.Collect$$$$00000001) refers to entry2.o(.ARM.Collect$$$$00002712) for __lit__00000000
    entry2.o(.ARM.Collect$$$$00002712) refers to startup_stm32f10x_hd.o(STACK) for __initial_sp
    entry2.o(__vectab_stack_and_reset_area) refers to startup_stm32f10x_hd.o(STACK) for __initial_sp
    entry2.o(__vectab_stack_and_reset_area) refers to entry.o(.ARM.Collect$$$$00000000) for __main
    entry5.o(.ARM.Collect$$$$00000004) refers to init.o(.text) for __scatterload
    entry9a.o(.ARM.Collect$$$$0000000B) refers to main.o(.text) for main
    entry9b.o(.ARM.Collect$$$$0000000C) refers to main.o(.text) for main
    depilogue.o(.text) refers to llshl.o(.text) for __aeabi_llsl
    depilogue.o(.text) refers to llushr.o(.text) for __aeabi_llsr
    init.o(.text) refers to entry5.o(.ARM.Collect$$$$00000004) for __main_after_scatterload


==============================================================================

Removing Unused input sections from the image.

    Removing core_cm3.o(.emb_text), (32 bytes).
    Removing startup_stm32f10x_hd.o(HEAP), (512 bytes).
    Removing stm32f10x_exti.o(.text), (284 bytes).
    Removing stm32f10x_usart.o(.text), (1032 bytes).
    Removing car.o(.data), (4 bytes).

5 unused section(s) (total 1864 bytes) removed from the image.

==============================================================================

Image Symbol Table

    Local Symbols

    Symbol Name                              Value     Ov Type        Size  Object(Section)

    ../clib/microlib/init/entry.s            0x00000000   Number         0  entry7b.o ABSOLUTE
    ../clib/microlib/init/entry.s            0x00000000   Number         0  entry5.o ABSOLUTE
    ../clib/microlib/init/entry.s            0x00000000   Number         0  entry8b.o ABSOLUTE
    ../clib/microlib/init/entry.s            0x00000000   Number         0  entry2.o ABSOLUTE
    ../clib/microlib/init/entry.s            0x00000000   Number         0  entry9a.o ABSOLUTE
    ../clib/microlib/init/entry.s            0x00000000   Number         0  entry8a.o ABSOLUTE
    ../clib/microlib/init/entry.s            0x00000000   Number         0  entry9b.o ABSOLUTE
    ../clib/microlib/init/entry.s            0x00000000   Number         0  entry.o ABSOLUTE
    ../clib/microlib/init/entry.s            0x00000000   Number         0  entry10a.o ABSOLUTE
    ../clib/microlib/init/entry.s            0x00000000   Number         0  entry10b.o ABSOLUTE
    ../clib/microlib/init/entry.s            0x00000000   Number         0  entry11b.o ABSOLUTE
    ../clib/microlib/init/entry.s            0x00000000   Number         0  entry11a.o ABSOLUTE
    ../clib/microlib/init/entry.s            0x00000000   Number         0  entry7a.o ABSOLUTE
    ../clib/microlib/longlong.c              0x00000000   Number         0  llsshr.o ABSOLUTE
    ../clib/microlib/longlong.c              0x00000000   Number         0  llshl.o ABSOLUTE
    ../clib/microlib/longlong.c              0x00000000   Number         0  llushr.o ABSOLUTE
    ../clib/microlib/string/strcmp.c         0x00000000   Number         0  strcmp.o ABSOLUTE
    ../clib/microlib/stubs.s                 0x00000000   Number         0  iusefp.o ABSOLUTE
    ../fplib/microlib/d2f.c                  0x00000000   Number         0  d2f.o ABSOLUTE
    ../fplib/microlib/fpadd.c                0x00000000   Number         0  dadd.o ABSOLUTE
    ../fplib/microlib/fpadd.c                0x00000000   Number         0  fadd.o ABSOLUTE
    ../fplib/microlib/fpdiv.c                0x00000000   Number         0  fdiv.o ABSOLUTE
    ../fplib/microlib/fpdiv.c                0x00000000   Number         0  ddiv.o ABSOLUTE
    ../fplib/microlib/fpepilogue.c           0x00000000   Number         0  depilogue.o ABSOLUTE
    ../fplib/microlib/fpepilogue.c           0x00000000   Number         0  fepilogue.o ABSOLUTE
    ../fplib/microlib/fpfix.c                0x00000000   Number         0  dfixi.o ABSOLUTE
    ../fplib/microlib/fpflt.c                0x00000000   Number         0  dflti.o ABSOLUTE
    ..\APP\apm_function.c                    0x00000000   Number         0  apm_function.o ABSOLUTE
    ..\APP\car.c                             0x00000000   Number         0  car.o ABSOLUTE
    ..\APP\channel_out.c                     0x00000000   Number         0  channel_out.o ABSOLUTE
    ..\APP\chaoshengbo.c                     0x00000000   Number         0  chaoshengbo.o ABSOLUTE
    ..\APP\openmv.c                          0x00000000   Number         0  openmv.o ABSOLUTE
    ..\APP\yaokongqi.c                       0x00000000   Number         0  yaokongqi.o ABSOLUTE
    ..\Libraries\CMSIS\CM3\CoreSupport\core_cm3.c 0x00000000   Number         0  core_cm3.o ABSOLUTE
    ..\Libraries\CMSIS\CM3\DeviceSupport\ST\STM32F10x\startup\arm\startup_stm32f10x_hd.s 0x00000000   Number         0  startup_stm32f10x_hd.o ABSOLUTE
    ..\Libraries\CMSIS\CM3\DeviceSupport\ST\STM32F10x\system_stm32f10x.c 0x00000000   Number         0  system_stm32f10x.o ABSOLUTE
    ..\Libraries\STM32F10x_StdPeriph_Driver\src\misc.c 0x00000000   Number         0  misc.o ABSOLUTE
    ..\Libraries\STM32F10x_StdPeriph_Driver\src\stm32f10x_exti.c 0x00000000   Number         0  stm32f10x_exti.o ABSOLUTE
    ..\Libraries\STM32F10x_StdPeriph_Driver\src\stm32f10x_gpio.c 0x00000000   Number         0  stm32f10x_gpio.o ABSOLUTE
    ..\Libraries\STM32F10x_StdPeriph_Driver\src\stm32f10x_rcc.c 0x00000000   Number         0  stm32f10x_rcc.o ABSOLUTE
    ..\Libraries\STM32F10x_StdPeriph_Driver\src\stm32f10x_tim.c 0x00000000   Number         0  stm32f10x_tim.o ABSOLUTE
    ..\Libraries\STM32F10x_StdPeriph_Driver\src\stm32f10x_usart.c 0x00000000   Number         0  stm32f10x_usart.o ABSOLUTE
    ..\\Libraries\\CMSIS\\CM3\\CoreSupport\\core_cm3.c 0x00000000   Number         0  core_cm3.o ABSOLUTE
    ..\user\main.c                           0x00000000   Number         0  main.o ABSOLUTE
    ..\user\public.c                         0x00000000   Number         0  public.o ABSOLUTE
    ..\user\stm32f10x_it.c                   0x00000000   Number         0  stm32f10x_it.o ABSOLUTE
    cfcmple.s                                0x00000000   Number         0  cfcmple.o ABSOLUTE
    cfrcmple.s                               0x00000000   Number         0  cfrcmple.o ABSOLUTE
    dc.s                                     0x00000000   Number         0  dc.o ABSOLUTE
    handlers.s                               0x00000000   Number         0  handlers.o ABSOLUTE
    init.s                                   0x00000000   Number         0  init.o ABSOLUTE
    RESET                                    0x08000000   Section      304  startup_stm32f10x_hd.o(RESET)
    .ARM.Collect$$$$00000000                 0x08000130   Section        0  entry.o(.ARM.Collect$$$$00000000)
    .ARM.Collect$$$$00000001                 0x08000130   Section        4  entry2.o(.ARM.Collect$$$$00000001)
    .ARM.Collect$$$$00000004                 0x08000134   Section        4  entry5.o(.ARM.Collect$$$$00000004)
    .ARM.Collect$$$$00000008                 0x08000138   Section        0  entry7b.o(.ARM.Collect$$$$00000008)
    .ARM.Collect$$$$0000000A                 0x08000138   Section        0  entry8b.o(.ARM.Collect$$$$0000000A)
    .ARM.Collect$$$$0000000B                 0x08000138   Section        8  entry9a.o(.ARM.Collect$$$$0000000B)
    .ARM.Collect$$$$0000000D                 0x08000140   Section        0  entry10a.o(.ARM.Collect$$$$0000000D)
    .ARM.Collect$$$$0000000F                 0x08000140   Section        0  entry11a.o(.ARM.Collect$$$$0000000F)
    .ARM.Collect$$$$00002712                 0x08000140   Section        4  entry2.o(.ARM.Collect$$$$00002712)
    __lit__00000000                          0x08000140   Data           4  entry2.o(.ARM.Collect$$$$00002712)
    .text                                    0x08000144   Section        0  main.o(.text)
    .text                                    0x08000188   Section        0  public.o(.text)
    .text                                    0x0800020e   Section        0  stm32f10x_it.o(.text)
    .text                                    0x08000230   Section        0  system_stm32f10x.o(.text)
    SetSysClockTo72                          0x08000231   Thumb Code   214  system_stm32f10x.o(.text)
    SetSysClock                              0x08000307   Thumb Code     8  system_stm32f10x.o(.text)
    .text                                    0x08000410   Section       36  startup_stm32f10x_hd.o(.text)
    .text                                    0x08000434   Section        0  stm32f10x_gpio.o(.text)
    .text                                    0x08000790   Section        0  stm32f10x_rcc.o(.text)
    .text                                    0x08000b34   Section        0  stm32f10x_tim.o(.text)
    TI4_Config                               0x08000fdb   Thumb Code   130  stm32f10x_tim.o(.text)
    TI3_Config                               0x0800106f   Thumb Code   122  stm32f10x_tim.o(.text)
    TI2_Config                               0x08001103   Thumb Code   130  stm32f10x_tim.o(.text)
    TI1_Config                               0x08001197   Thumb Code   108  stm32f10x_tim.o(.text)
    .text                                    0x08001950   Section        0  misc.o(.text)
    .text                                    0x08001a2c   Section        0  channel_out.o(.text)
    .text                                    0x08001b68   Section        0  yaokongqi.o(.text)
    .text                                    0x08001c64   Section        0  apm_function.o(.text)
    .text                                    0x08001fc8   Section        0  openmv.o(.text)
    .text                                    0x080020b0   Section        0  chaoshengbo.o(.text)
    .text                                    0x0800224c   Section        0  strcmp.o(.text)
    .text                                    0x08002268   Section        0  fadd.o(.text)
    .text                                    0x08002318   Section        0  fdiv.o(.text)
    .text                                    0x08002394   Section        0  dadd.o(.text)
    .text                                    0x080024e2   Section        0  ddiv.o(.text)
    .text                                    0x080025c0   Section        0  dflti.o(.text)
    .text                                    0x080025e2   Section        0  dfixi.o(.text)
    .text                                    0x08002620   Section        0  d2f.o(.text)
    .text                                    0x08002658   Section       20  cfcmple.o(.text)
    .text                                    0x0800266c   Section       20  cfrcmple.o(.text)
    .text                                    0x08002680   Section        0  llshl.o(.text)
    .text                                    0x0800269e   Section        0  llushr.o(.text)
    .text                                    0x080026be   Section        0  llsshr.o(.text)
    .text                                    0x080026e2   Section        0  iusefp.o(.text)
    .text                                    0x080026e2   Section        0  fepilogue.o(.text)
    .text                                    0x08002750   Section        0  depilogue.o(.text)
    .text                                    0x0800280c   Section       36  init.o(.text)
    i.__scatterload_copy                     0x08002830   Section       14  handlers.o(i.__scatterload_copy)
    i.__scatterload_null                     0x0800283e   Section        2  handlers.o(i.__scatterload_null)
    i.__scatterload_zeroinit                 0x08002840   Section       14  handlers.o(i.__scatterload_zeroinit)
    .data                                    0x20000000   Section       20  system_stm32f10x.o(.data)
    .data                                    0x20000014   Section       20  stm32f10x_rcc.o(.data)
    APBAHBPrescTable                         0x20000014   Data          16  stm32f10x_rcc.o(.data)
    ADCPrescTable                            0x20000024   Data           4  stm32f10x_rcc.o(.data)
    .data                                    0x20000028   Section       12  yaokongqi.o(.data)
    .data                                    0x20000034   Section        4  openmv.o(.data)
    .data                                    0x20000038   Section        2  chaoshengbo.o(.data)
    STACK                                    0x20000040   Section     1024  startup_stm32f10x_hd.o(STACK)

    Global Symbols

    Symbol Name                              Value     Ov Type        Size  Object(Section)

    BuildAttributes$$THM_ISAv4$P$D$K$B$S$PE$A:L22UL41UL21$X:L11$S22US41US21$IEEE1$IW$USESV6$~STKCKD$USESV7$~SHL$OTIME$ROPI$EBA8$MICROLIB$REQ8$PRES8$EABIv2 0x00000000   Number         0  anon$$obj.o ABSOLUTE
    __ARM_use_no_argv                        0x00000000   Number         0  main.o ABSOLUTE
    __cpp_initialize__aeabi_                  - Undefined Weak Reference
    __cxa_finalize                            - Undefined Weak Reference
    __decompress                              - Undefined Weak Reference
    _clock_init                               - Undefined Weak Reference
    _microlib_exit                            - Undefined Weak Reference
    __Vectors_Size                           0x00000130   Number         0  startup_stm32f10x_hd.o ABSOLUTE
    __Vectors                                0x08000000   Data           4  startup_stm32f10x_hd.o(RESET)
    __Vectors_End                            0x08000130   Data           0  startup_stm32f10x_hd.o(RESET)
    __main                                   0x08000131   Thumb Code     0  entry.o(.ARM.Collect$$$$00000000)
    _main_stk                                0x08000131   Thumb Code     0  entry2.o(.ARM.Collect$$$$00000001)
    _main_scatterload                        0x08000135   Thumb Code     0  entry5.o(.ARM.Collect$$$$00000004)
    __main_after_scatterload                 0x08000139   Thumb Code     0  entry5.o(.ARM.Collect$$$$00000004)
    _main_clock                              0x08000139   Thumb Code     0  entry7b.o(.ARM.Collect$$$$00000008)
    _main_cpp_init                           0x08000139   Thumb Code     0  entry8b.o(.ARM.Collect$$$$0000000A)
    _main_init                               0x08000139   Thumb Code     0  entry9a.o(.ARM.Collect$$$$0000000B)
    __rt_final_cpp                           0x08000141   Thumb Code     0  entry10a.o(.ARM.Collect$$$$0000000D)
    __rt_final_exit                          0x08000141   Thumb Code     0  entry11a.o(.ARM.Collect$$$$0000000F)
    main                                     0x08000145   Thumb Code    62  main.o(.text)
    delay_us                                 0x08000189   Thumb Code    54  public.o(.text)
    delay_ms                                 0x080001bf   Thumb Code    56  public.o(.text)
    delay_s                                  0x080001f7   Thumb Code    24  public.o(.text)
    NMI_Handler                              0x0800020f   Thumb Code     2  stm32f10x_it.o(.text)
    HardFault_Handler                        0x08000211   Thumb Code     4  stm32f10x_it.o(.text)
    MemManage_Handler                        0x08000215   Thumb Code     4  stm32f10x_it.o(.text)
    BusFault_Handler                         0x08000219   Thumb Code     4  stm32f10x_it.o(.text)
    UsageFault_Handler                       0x0800021d   Thumb Code     4  stm32f10x_it.o(.text)
    SVC_Handler                              0x08000221   Thumb Code     2  stm32f10x_it.o(.text)
    DebugMon_Handler                         0x08000223   Thumb Code     2  stm32f10x_it.o(.text)
    PendSV_Handler                           0x08000225   Thumb Code     2  stm32f10x_it.o(.text)
    SysTick_Handler                          0x08000227   Thumb Code     2  stm32f10x_it.o(.text)
    EXTI0_IRQHandler                         0x08000229   Thumb Code     2  stm32f10x_it.o(.text)
    TIM2_IRQHandler                          0x0800022b   Thumb Code     2  stm32f10x_it.o(.text)
    TIM5_IRQHandler                          0x0800022d   Thumb Code     2  stm32f10x_it.o(.text)
    SystemInit                               0x0800030f   Thumb Code    78  system_stm32f10x.o(.text)
    SystemCoreClockUpdate                    0x0800035d   Thumb Code   142  system_stm32f10x.o(.text)
    Reset_Handler                            0x08000411   Thumb Code     8  startup_stm32f10x_hd.o(.text)
    ADC1_2_IRQHandler                        0x0800042b   Thumb Code     0  startup_stm32f10x_hd.o(.text)
    ADC3_IRQHandler                          0x0800042b   Thumb Code     0  startup_stm32f10x_hd.o(.text)
    CAN1_RX1_IRQHandler                      0x0800042b   Thumb Code     0  startup_stm32f10x_hd.o(.text)
    CAN1_SCE_IRQHandler                      0x0800042b   Thumb Code     0  startup_stm32f10x_hd.o(.text)
    DMA1_Channel1_IRQHandler                 0x0800042b   Thumb Code     0  startup_stm32f10x_hd.o(.text)
    DMA1_Channel2_IRQHandler                 0x0800042b   Thumb Code     0  startup_stm32f10x_hd.o(.text)
    DMA1_Channel3_IRQHandler                 0x0800042b   Thumb Code     0  startup_stm32f10x_hd.o(.text)
    DMA1_Channel4_IRQHandler                 0x0800042b   Thumb Code     0  startup_stm32f10x_hd.o(.text)
    DMA1_Channel5_IRQHandler                 0x0800042b   Thumb Code     0  startup_stm32f10x_hd.o(.text)
    DMA1_Channel6_IRQHandler                 0x0800042b   Thumb Code     0  startup_stm32f10x_hd.o(.text)
    DMA1_Channel7_IRQHandler                 0x0800042b   Thumb Code     0  startup_stm32f10x_hd.o(.text)
    DMA2_Channel1_IRQHandler                 0x0800042b   Thumb Code     0  startup_stm32f10x_hd.o(.text)
    DMA2_Channel2_IRQHandler                 0x0800042b   Thumb Code     0  startup_stm32f10x_hd.o(.text)
    DMA2_Channel3_IRQHandler                 0x0800042b   Thumb Code     0  startup_stm32f10x_hd.o(.text)
    DMA2_Channel4_5_IRQHandler               0x0800042b   Thumb Code     0  startup_stm32f10x_hd.o(.text)
    EXTI15_10_IRQHandler                     0x0800042b   Thumb Code     0  startup_stm32f10x_hd.o(.text)
    EXTI1_IRQHandler                         0x0800042b   Thumb Code     0  startup_stm32f10x_hd.o(.text)
    EXTI2_IRQHandler                         0x0800042b   Thumb Code     0  startup_stm32f10x_hd.o(.text)
    EXTI3_IRQHandler                         0x0800042b   Thumb Code     0  startup_stm32f10x_hd.o(.text)
    EXTI4_IRQHandler                         0x0800042b   Thumb Code     0  startup_stm32f10x_hd.o(.text)
    EXTI9_5_IRQHandler                       0x0800042b   Thumb Code     0  startup_stm32f10x_hd.o(.text)
    FLASH_IRQHandler                         0x0800042b   Thumb Code     0  startup_stm32f10x_hd.o(.text)
    FSMC_IRQHandler                          0x0800042b   Thumb Code     0  startup_stm32f10x_hd.o(.text)
    I2C1_ER_IRQHandler                       0x0800042b   Thumb Code     0  startup_stm32f10x_hd.o(.text)
    I2C1_EV_IRQHandler                       0x0800042b   Thumb Code     0  startup_stm32f10x_hd.o(.text)
    I2C2_ER_IRQHandler                       0x0800042b   Thumb Code     0  startup_stm32f10x_hd.o(.text)
    I2C2_EV_IRQHandler                       0x0800042b   Thumb Code     0  startup_stm32f10x_hd.o(.text)
    PVD_IRQHandler                           0x0800042b   Thumb Code     0  startup_stm32f10x_hd.o(.text)
    RCC_IRQHandler                           0x0800042b   Thumb Code     0  startup_stm32f10x_hd.o(.text)
    RTCAlarm_IRQHandler                      0x0800042b   Thumb Code     0  startup_stm32f10x_hd.o(.text)
    RTC_IRQHandler                           0x0800042b   Thumb Code     0  startup_stm32f10x_hd.o(.text)
    SDIO_IRQHandler                          0x0800042b   Thumb Code     0  startup_stm32f10x_hd.o(.text)
    SPI1_IRQHandler                          0x0800042b   Thumb Code     0  startup_stm32f10x_hd.o(.text)
    SPI2_IRQHandler                          0x0800042b   Thumb Code     0  startup_stm32f10x_hd.o(.text)
    SPI3_IRQHandler                          0x0800042b   Thumb Code     0  startup_stm32f10x_hd.o(.text)
    TAMPER_IRQHandler                        0x0800042b   Thumb Code     0  startup_stm32f10x_hd.o(.text)
    TIM1_BRK_IRQHandler                      0x0800042b   Thumb Code     0  startup_stm32f10x_hd.o(.text)
    TIM1_CC_IRQHandler                       0x0800042b   Thumb Code     0  startup_stm32f10x_hd.o(.text)
    TIM1_TRG_COM_IRQHandler                  0x0800042b   Thumb Code     0  startup_stm32f10x_hd.o(.text)
    TIM1_UP_IRQHandler                       0x0800042b   Thumb Code     0  startup_stm32f10x_hd.o(.text)
    TIM3_IRQHandler                          0x0800042b   Thumb Code     0  startup_stm32f10x_hd.o(.text)
    TIM6_IRQHandler                          0x0800042b   Thumb Code     0  startup_stm32f10x_hd.o(.text)
    TIM7_IRQHandler                          0x0800042b   Thumb Code     0  startup_stm32f10x_hd.o(.text)
    TIM8_BRK_IRQHandler                      0x0800042b   Thumb Code     0  startup_stm32f10x_hd.o(.text)
    TIM8_CC_IRQHandler                       0x0800042b   Thumb Code     0  startup_stm32f10x_hd.o(.text)
    TIM8_TRG_COM_IRQHandler                  0x0800042b   Thumb Code     0  startup_stm32f10x_hd.o(.text)
    TIM8_UP_IRQHandler                       0x0800042b   Thumb Code     0  startup_stm32f10x_hd.o(.text)
    UART4_IRQHandler                         0x0800042b   Thumb Code     0  startup_stm32f10x_hd.o(.text)
    UART5_IRQHandler                         0x0800042b   Thumb Code     0  startup_stm32f10x_hd.o(.text)
    USART1_IRQHandler                        0x0800042b   Thumb Code     0  startup_stm32f10x_hd.o(.text)
    USART2_IRQHandler                        0x0800042b   Thumb Code     0  startup_stm32f10x_hd.o(.text)
    USART3_IRQHandler                        0x0800042b   Thumb Code     0  startup_stm32f10x_hd.o(.text)
    USBWakeUp_IRQHandler                     0x0800042b   Thumb Code     0  startup_stm32f10x_hd.o(.text)
    USB_HP_CAN1_TX_IRQHandler                0x0800042b   Thumb Code     0  startup_stm32f10x_hd.o(.text)
    USB_LP_CAN1_RX0_IRQHandler               0x0800042b   Thumb Code     0  startup_stm32f10x_hd.o(.text)
    WWDG_IRQHandler                          0x0800042b   Thumb Code     0  startup_stm32f10x_hd.o(.text)
    GPIO_DeInit                              0x08000435   Thumb Code   172  stm32f10x_gpio.o(.text)
    GPIO_AFIODeInit                          0x080004e1   Thumb Code    20  stm32f10x_gpio.o(.text)
    GPIO_Init                                0x080004f5   Thumb Code   278  stm32f10x_gpio.o(.text)
    GPIO_StructInit                          0x0800060b   Thumb Code    16  stm32f10x_gpio.o(.text)
    GPIO_ReadInputDataBit                    0x0800061b   Thumb Code    18  stm32f10x_gpio.o(.text)
    GPIO_ReadInputData                       0x0800062d   Thumb Code     8  stm32f10x_gpio.o(.text)
    GPIO_ReadOutputDataBit                   0x08000635   Thumb Code    18  stm32f10x_gpio.o(.text)
    GPIO_ReadOutputData                      0x08000647   Thumb Code     8  stm32f10x_gpio.o(.text)
    GPIO_SetBits                             0x0800064f   Thumb Code     4  stm32f10x_gpio.o(.text)
    GPIO_ResetBits                           0x08000653   Thumb Code     4  stm32f10x_gpio.o(.text)
    GPIO_WriteBit                            0x08000657   Thumb Code    10  stm32f10x_gpio.o(.text)
    GPIO_Write                               0x08000661   Thumb Code     4  stm32f10x_gpio.o(.text)
    GPIO_PinLockConfig                       0x08000665   Thumb Code    18  stm32f10x_gpio.o(.text)
    GPIO_EventOutputConfig                   0x08000677   Thumb Code    26  stm32f10x_gpio.o(.text)
    GPIO_EventOutputCmd                      0x08000691   Thumb Code     6  stm32f10x_gpio.o(.text)
    GPIO_PinRemapConfig                      0x08000697   Thumb Code   138  stm32f10x_gpio.o(.text)
    GPIO_EXTILineConfig                      0x08000721   Thumb Code    66  stm32f10x_gpio.o(.text)
    GPIO_ETH_MediaInterfaceConfig            0x08000763   Thumb Code     8  stm32f10x_gpio.o(.text)
    RCC_DeInit                               0x08000791   Thumb Code    64  stm32f10x_rcc.o(.text)
    RCC_HSEConfig                            0x080007d1   Thumb Code    70  stm32f10x_rcc.o(.text)
    RCC_GetFlagStatus                        0x08000817   Thumb Code    56  stm32f10x_rcc.o(.text)
    RCC_WaitForHSEStartUp                    0x0800084f   Thumb Code    56  stm32f10x_rcc.o(.text)
    RCC_AdjustHSICalibrationValue            0x08000887   Thumb Code    20  stm32f10x_rcc.o(.text)
    RCC_HSICmd                               0x0800089b   Thumb Code     6  stm32f10x_rcc.o(.text)
    RCC_PLLConfig                            0x080008a1   Thumb Code    24  stm32f10x_rcc.o(.text)
    RCC_PLLCmd                               0x080008b9   Thumb Code     6  stm32f10x_rcc.o(.text)
    RCC_SYSCLKConfig                         0x080008bf   Thumb Code    18  stm32f10x_rcc.o(.text)
    RCC_GetSYSCLKSource                      0x080008d1   Thumb Code    10  stm32f10x_rcc.o(.text)
    RCC_HCLKConfig                           0x080008db   Thumb Code    18  stm32f10x_rcc.o(.text)
    RCC_PCLK1Config                          0x080008ed   Thumb Code    18  stm32f10x_rcc.o(.text)
    RCC_PCLK2Config                          0x080008ff   Thumb Code    20  stm32f10x_rcc.o(.text)
    RCC_ITConfig                             0x08000913   Thumb Code    26  stm32f10x_rcc.o(.text)
    RCC_USBCLKConfig                         0x0800092d   Thumb Code     8  stm32f10x_rcc.o(.text)
    RCC_ADCCLKConfig                         0x08000935   Thumb Code    18  stm32f10x_rcc.o(.text)
    RCC_LSEConfig                            0x08000947   Thumb Code    50  stm32f10x_rcc.o(.text)
    RCC_LSICmd                               0x08000979   Thumb Code     6  stm32f10x_rcc.o(.text)
    RCC_RTCCLKConfig                         0x0800097f   Thumb Code    12  stm32f10x_rcc.o(.text)
    RCC_RTCCLKCmd                            0x0800098b   Thumb Code     8  stm32f10x_rcc.o(.text)
    RCC_GetClocksFreq                        0x08000993   Thumb Code   192  stm32f10x_rcc.o(.text)
    RCC_AHBPeriphClockCmd                    0x08000a53   Thumb Code    26  stm32f10x_rcc.o(.text)
    RCC_APB2PeriphClockCmd                   0x08000a6d   Thumb Code    26  stm32f10x_rcc.o(.text)
    RCC_APB1PeriphClockCmd                   0x08000a87   Thumb Code    26  stm32f10x_rcc.o(.text)
    RCC_APB2PeriphResetCmd                   0x08000aa1   Thumb Code    26  stm32f10x_rcc.o(.text)
    RCC_APB1PeriphResetCmd                   0x08000abb   Thumb Code    26  stm32f10x_rcc.o(.text)
    RCC_BackupResetCmd                       0x08000ad5   Thumb Code     8  stm32f10x_rcc.o(.text)
    RCC_ClockSecuritySystemCmd               0x08000add   Thumb Code     6  stm32f10x_rcc.o(.text)
    RCC_MCOConfig                            0x08000ae3   Thumb Code     6  stm32f10x_rcc.o(.text)
    RCC_ClearFlag                            0x08000ae9   Thumb Code    14  stm32f10x_rcc.o(.text)
    RCC_GetITStatus                          0x08000af7   Thumb Code    20  stm32f10x_rcc.o(.text)
    RCC_ClearITPendingBit                    0x08000b0b   Thumb Code     6  stm32f10x_rcc.o(.text)
    TIM_DeInit                               0x08000b35   Thumb Code   424  stm32f10x_tim.o(.text)
    TIM_TimeBaseInit                         0x08000cdd   Thumb Code   122  stm32f10x_tim.o(.text)
    TIM_OC1Init                              0x08000d57   Thumb Code   132  stm32f10x_tim.o(.text)
    TIM_OC2Init                              0x08000ddb   Thumb Code   154  stm32f10x_tim.o(.text)
    TIM_OC3Init                              0x08000e75   Thumb Code   150  stm32f10x_tim.o(.text)
    TIM_OC4Init                              0x08000f0b   Thumb Code   182  stm32f10x_tim.o(.text)
    TIM_SetIC4Prescaler                      0x08000fc1   Thumb Code    26  stm32f10x_tim.o(.text)
    TIM_SetIC3Prescaler                      0x0800105d   Thumb Code    18  stm32f10x_tim.o(.text)
    TIM_SetIC2Prescaler                      0x080010e9   Thumb Code    26  stm32f10x_tim.o(.text)
    TIM_SetIC1Prescaler                      0x08001185   Thumb Code    18  stm32f10x_tim.o(.text)
    TIM_ICInit                               0x08001203   Thumb Code   150  stm32f10x_tim.o(.text)
    TIM_PWMIConfig                           0x08001299   Thumb Code   124  stm32f10x_tim.o(.text)
    TIM_BDTRConfig                           0x08001315   Thumb Code    32  stm32f10x_tim.o(.text)
    TIM_TimeBaseStructInit                   0x08001335   Thumb Code    18  stm32f10x_tim.o(.text)
    TIM_OCStructInit                         0x08001347   Thumb Code    20  stm32f10x_tim.o(.text)
    TIM_ICStructInit                         0x0800135b   Thumb Code    18  stm32f10x_tim.o(.text)
    TIM_BDTRStructInit                       0x0800136d   Thumb Code    40  stm32f10x_tim.o(.text)
    TIM_Cmd                                  0x08001395   Thumb Code    24  stm32f10x_tim.o(.text)
    TIM_CtrlPWMOutputs                       0x080013ad   Thumb Code    30  stm32f10x_tim.o(.text)
    TIM_ITConfig                             0x080013cb   Thumb Code    18  stm32f10x_tim.o(.text)
    TIM_GenerateEvent                        0x080013dd   Thumb Code     4  stm32f10x_tim.o(.text)
    TIM_DMAConfig                            0x080013e1   Thumb Code    10  stm32f10x_tim.o(.text)
    TIM_DMACmd                               0x080013eb   Thumb Code    18  stm32f10x_tim.o(.text)
    TIM_InternalClockConfig                  0x080013fd   Thumb Code    12  stm32f10x_tim.o(.text)
    TIM_SelectInputTrigger                   0x08001409   Thumb Code    18  stm32f10x_tim.o(.text)
    TIM_ITRxExternalClockConfig              0x0800141b   Thumb Code    24  stm32f10x_tim.o(.text)
    TIM_TIxExternalClockConfig               0x08001433   Thumb Code    62  stm32f10x_tim.o(.text)
    TIM_ETRConfig                            0x08001471   Thumb Code    28  stm32f10x_tim.o(.text)
    TIM_ETRClockMode1Config                  0x0800148d   Thumb Code    54  stm32f10x_tim.o(.text)
    TIM_ETRClockMode2Config                  0x080014c3   Thumb Code    32  stm32f10x_tim.o(.text)
    TIM_PrescalerConfig                      0x080014e3   Thumb Code     6  stm32f10x_tim.o(.text)
    TIM_CounterModeConfig                    0x080014e9   Thumb Code    18  stm32f10x_tim.o(.text)
    TIM_EncoderInterfaceConfig               0x080014fb   Thumb Code    66  stm32f10x_tim.o(.text)
    TIM_ForcedOC1Config                      0x0800153d   Thumb Code    18  stm32f10x_tim.o(.text)
    TIM_ForcedOC2Config                      0x0800154f   Thumb Code    26  stm32f10x_tim.o(.text)
    TIM_ForcedOC3Config                      0x08001569   Thumb Code    18  stm32f10x_tim.o(.text)
    TIM_ForcedOC4Config                      0x0800157b   Thumb Code    26  stm32f10x_tim.o(.text)
    TIM_ARRPreloadConfig                     0x08001595   Thumb Code    24  stm32f10x_tim.o(.text)
    TIM_SelectCOM                            0x080015ad   Thumb Code    24  stm32f10x_tim.o(.text)
    TIM_SelectCCDMA                          0x080015c5   Thumb Code    24  stm32f10x_tim.o(.text)
    TIM_CCPreloadControl                     0x080015dd   Thumb Code    24  stm32f10x_tim.o(.text)
    TIM_OC1PreloadConfig                     0x080015f5   Thumb Code    18  stm32f10x_tim.o(.text)
    TIM_OC2PreloadConfig                     0x08001607   Thumb Code    26  stm32f10x_tim.o(.text)
    TIM_OC3PreloadConfig                     0x08001621   Thumb Code    18  stm32f10x_tim.o(.text)
    TIM_OC4PreloadConfig                     0x08001633   Thumb Code    26  stm32f10x_tim.o(.text)
    TIM_OC1FastConfig                        0x0800164d   Thumb Code    18  stm32f10x_tim.o(.text)
    TIM_OC2FastConfig                        0x0800165f   Thumb Code    26  stm32f10x_tim.o(.text)
    TIM_OC3FastConfig                        0x08001679   Thumb Code    18  stm32f10x_tim.o(.text)
    TIM_OC4FastConfig                        0x0800168b   Thumb Code    26  stm32f10x_tim.o(.text)
    TIM_ClearOC1Ref                          0x080016a5   Thumb Code    18  stm32f10x_tim.o(.text)
    TIM_ClearOC2Ref                          0x080016b7   Thumb Code    24  stm32f10x_tim.o(.text)
    TIM_ClearOC3Ref                          0x080016cf   Thumb Code    18  stm32f10x_tim.o(.text)
    TIM_ClearOC4Ref                          0x080016e1   Thumb Code    24  stm32f10x_tim.o(.text)
    TIM_OC1PolarityConfig                    0x080016f9   Thumb Code    18  stm32f10x_tim.o(.text)
    TIM_OC1NPolarityConfig                   0x0800170b   Thumb Code    18  stm32f10x_tim.o(.text)
    TIM_OC2PolarityConfig                    0x0800171d   Thumb Code    26  stm32f10x_tim.o(.text)
    TIM_OC2NPolarityConfig                   0x08001737   Thumb Code    26  stm32f10x_tim.o(.text)
    TIM_OC3PolarityConfig                    0x08001751   Thumb Code    26  stm32f10x_tim.o(.text)
    TIM_OC3NPolarityConfig                   0x0800176b   Thumb Code    26  stm32f10x_tim.o(.text)
    TIM_OC4PolarityConfig                    0x08001785   Thumb Code    26  stm32f10x_tim.o(.text)
    TIM_CCxCmd                               0x0800179f   Thumb Code    30  stm32f10x_tim.o(.text)
    TIM_CCxNCmd                              0x080017bd   Thumb Code    30  stm32f10x_tim.o(.text)
    TIM_SelectOCxM                           0x080017db   Thumb Code    82  stm32f10x_tim.o(.text)
    TIM_UpdateDisableConfig                  0x0800182d   Thumb Code    24  stm32f10x_tim.o(.text)
    TIM_UpdateRequestConfig                  0x08001845   Thumb Code    24  stm32f10x_tim.o(.text)
    TIM_SelectHallSensor                     0x0800185d   Thumb Code    24  stm32f10x_tim.o(.text)
    TIM_SelectOnePulseMode                   0x08001875   Thumb Code    18  stm32f10x_tim.o(.text)
    TIM_SelectOutputTrigger                  0x08001887   Thumb Code    18  stm32f10x_tim.o(.text)
    TIM_SelectSlaveMode                      0x08001899   Thumb Code    18  stm32f10x_tim.o(.text)
    TIM_SelectMasterSlaveMode                0x080018ab   Thumb Code    18  stm32f10x_tim.o(.text)
    TIM_SetCounter                           0x080018bd   Thumb Code     4  stm32f10x_tim.o(.text)
    TIM_SetAutoreload                        0x080018c1   Thumb Code     4  stm32f10x_tim.o(.text)
    TIM_SetCompare1                          0x080018c5   Thumb Code     4  stm32f10x_tim.o(.text)
    TIM_SetCompare2                          0x080018c9   Thumb Code     4  stm32f10x_tim.o(.text)
    TIM_SetCompare3                          0x080018cd   Thumb Code     4  stm32f10x_tim.o(.text)
    TIM_SetCompare4                          0x080018d1   Thumb Code     6  stm32f10x_tim.o(.text)
    TIM_SetClockDivision                     0x080018d7   Thumb Code    18  stm32f10x_tim.o(.text)
    TIM_GetCapture1                          0x080018e9   Thumb Code     6  stm32f10x_tim.o(.text)
    TIM_GetCapture2                          0x080018ef   Thumb Code     6  stm32f10x_tim.o(.text)
    TIM_GetCapture3                          0x080018f5   Thumb Code     6  stm32f10x_tim.o(.text)
    TIM_GetCapture4                          0x080018fb   Thumb Code     8  stm32f10x_tim.o(.text)
    TIM_GetCounter                           0x08001903   Thumb Code     6  stm32f10x_tim.o(.text)
    TIM_GetPrescaler                         0x08001909   Thumb Code     6  stm32f10x_tim.o(.text)
    TIM_GetFlagStatus                        0x0800190f   Thumb Code    18  stm32f10x_tim.o(.text)
    TIM_ClearFlag                            0x08001921   Thumb Code     6  stm32f10x_tim.o(.text)
    TIM_GetITStatus                          0x08001927   Thumb Code    34  stm32f10x_tim.o(.text)
    TIM_ClearITPendingBit                    0x08001949   Thumb Code     6  stm32f10x_tim.o(.text)
    NVIC_PriorityGroupConfig                 0x08001951   Thumb Code    10  misc.o(.text)
    NVIC_Init                                0x0800195b   Thumb Code   100  misc.o(.text)
    NVIC_SetVectorTable                      0x080019bf   Thumb Code    14  misc.o(.text)
    NVIC_SystemLPConfig                      0x080019cd   Thumb Code    34  misc.o(.text)
    SysTick_CLKSourceConfig                  0x080019ef   Thumb Code    40  misc.o(.text)
    CH_IO_INIT                               0x08001a2d   Thumb Code    38  channel_out.o(.text)
    CH_TIM_INIT                              0x08001a53   Thumb Code   188  channel_out.o(.text)
    channel_init                             0x08001b0f   Thumb Code    62  channel_out.o(.text)
    yaokongqi_init                           0x08001b69   Thumb Code    84  yaokongqi.o(.text)
    key_test                                 0x08001bbd   Thumb Code   110  yaokongqi.o(.text)
    LED_display                              0x08001c2b   Thumb Code    46  yaokongqi.o(.text)
    change_ch_value                          0x08001c65   Thumb Code   114  apm_function.o(.text)
    unlock                                   0x08001cd7   Thumb Code    40  apm_function.o(.text)
    lock                                     0x08001cff   Thumb Code    40  apm_function.o(.text)
    MOD_ALT_HOLD                             0x08001d27   Thumb Code    20  apm_function.o(.text)
    MOD_Stable                               0x08001d3b   Thumb Code    20  apm_function.o(.text)
    ALT_HOLD                                 0x08001d4f   Thumb Code   586  apm_function.o(.text)
    openmv_init                              0x08001fc9   Thumb Code    34  openmv.o(.text)
    openmv_test                              0x08001feb   Thumb Code   188  openmv.o(.text)
    NVIC_Config                              0x080020b1   Thumb Code    40  chaoshengbo.o(.text)
    sr04_init                                0x080020d9   Thumb Code   126  chaoshengbo.o(.text)
    trig_signal                              0x08002157   Thumb Code    30  chaoshengbo.o(.text)
    get_hight                                0x08002175   Thumb Code   164  chaoshengbo.o(.text)
    TIM4_IRQHandler                          0x08002219   Thumb Code    32  chaoshengbo.o(.text)
    strcmp                                   0x0800224d   Thumb Code    28  strcmp.o(.text)
    __aeabi_fadd                             0x08002269   Thumb Code   164  fadd.o(.text)
    __aeabi_fsub                             0x0800230d   Thumb Code     6  fadd.o(.text)
    __aeabi_frsub                            0x08002313   Thumb Code     6  fadd.o(.text)
    __aeabi_fdiv                             0x08002319   Thumb Code   124  fdiv.o(.text)
    __aeabi_dadd                             0x08002395   Thumb Code   322  dadd.o(.text)
    __aeabi_dsub                             0x080024d7   Thumb Code     6  dadd.o(.text)
    __aeabi_drsub                            0x080024dd   Thumb Code     6  dadd.o(.text)
    __aeabi_ddiv                             0x080024e3   Thumb Code   222  ddiv.o(.text)
    __aeabi_i2d                              0x080025c1   Thumb Code    34  dflti.o(.text)
    __aeabi_d2iz                             0x080025e3   Thumb Code    62  dfixi.o(.text)
    __aeabi_d2f                              0x08002621   Thumb Code    56  d2f.o(.text)
    __aeabi_cfcmpeq                          0x08002659   Thumb Code     0  cfcmple.o(.text)
    __aeabi_cfcmple                          0x08002659   Thumb Code    20  cfcmple.o(.text)
    __aeabi_cfrcmple                         0x0800266d   Thumb Code    20  cfrcmple.o(.text)
    __aeabi_llsl                             0x08002681   Thumb Code    30  llshl.o(.text)
    _ll_shift_l                              0x08002681   Thumb Code     0  llshl.o(.text)
    __aeabi_llsr                             0x0800269f   Thumb Code    32  llushr.o(.text)
    _ll_ushift_r                             0x0800269f   Thumb Code     0  llushr.o(.text)
    __aeabi_lasr                             0x080026bf   Thumb Code    36  llsshr.o(.text)
    _ll_sshift_r                             0x080026bf   Thumb Code     0  llsshr.o(.text)
    __I$use$fp                               0x080026e3   Thumb Code     0  iusefp.o(.text)
    _float_round                             0x080026e3   Thumb Code    18  fepilogue.o(.text)
    _float_epilogue                          0x080026f5   Thumb Code    92  fepilogue.o(.text)
    _double_round                            0x08002751   Thumb Code    30  depilogue.o(.text)
    _double_epilogue                         0x0800276f   Thumb Code   156  depilogue.o(.text)
    __scatterload                            0x0800280d   Thumb Code    28  init.o(.text)
    __scatterload_rt2                        0x0800280d   Thumb Code     0  init.o(.text)
    __scatterload_copy                       0x08002831   Thumb Code    14  handlers.o(i.__scatterload_copy)
    __scatterload_null                       0x0800283f   Thumb Code     2  handlers.o(i.__scatterload_null)
    __scatterload_zeroinit                   0x08002841   Thumb Code    14  handlers.o(i.__scatterload_zeroinit)
    Region$$Table$$Base                      0x08002850   Number         0  anon$$obj.o(Region$$Table)
    Region$$Table$$Limit                     0x08002870   Number         0  anon$$obj.o(Region$$Table)
    SystemCoreClock                          0x20000000   Data           4  system_stm32f10x.o(.data)
    AHBPrescTable                            0x20000004   Data          16  system_stm32f10x.o(.data)
    key_status                               0x20000028   Data           8  yaokongqi.o(.data)
    temp                                     0x20000030   Data           4  yaokongqi.o(.data)
    openmv_status                            0x20000034   Data           4  openmv.o(.data)
    overcount                                0x20000038   Data           2  chaoshengbo.o(.data)
    __initial_sp                             0x20000440   Data           0  startup_stm32f10x_hd.o(STACK)



==============================================================================

Memory Map of the image

  Image Entry point : 0x08000411

  Load Region LR_1 (Base: 0x08000000, Size: 0x000028ac, Max: 0xffffffff, ABSOLUTE)

    Execution Region ER_RO (Base: 0x08000000, Size: 0x00002870, Max: 0xffffffff, ABSOLUTE)

    Base Addr    Size         Type   Attr      Idx    E Section Name        Object

    0x08000000   0x00000130   Data   RO          179    RESET               startup_stm32f10x_hd.o
    0x08000130   0x00000000   Code   RO          348  * .ARM.Collect$$$$00000000  mc_w.l(entry.o)
    0x08000130   0x00000004   Code   RO          371    .ARM.Collect$$$$00000001  mc_w.l(entry2.o)
    0x08000134   0x00000004   Code   RO          374    .ARM.Collect$$$$00000004  mc_w.l(entry5.o)
    0x08000138   0x00000000   Code   RO          376    .ARM.Collect$$$$00000008  mc_w.l(entry7b.o)
    0x08000138   0x00000000   Code   RO          378    .ARM.Collect$$$$0000000A  mc_w.l(entry8b.o)
    0x08000138   0x00000008   Code   RO          379    .ARM.Collect$$$$0000000B  mc_w.l(entry9a.o)
    0x08000140   0x00000000   Code   RO          381    .ARM.Collect$$$$0000000D  mc_w.l(entry10a.o)
    0x08000140   0x00000000   Code   RO          383    .ARM.Collect$$$$0000000F  mc_w.l(entry11a.o)
    0x08000140   0x00000004   Code   RO          372    .ARM.Collect$$$$00002712  mc_w.l(entry2.o)
    0x08000144   0x00000044   Code   RO            1    .text               main.o
    0x08000188   0x00000086   Code   RO          121    .text               public.o
    0x0800020e   0x00000020   Code   RO          133    .text               stm32f10x_it.o
    0x0800022e   0x00000002   PAD
    0x08000230   0x000001e0   Code   RO          159    .text               system_stm32f10x.o
    0x08000410   0x00000024   Code   RO          180  * .text               startup_stm32f10x_hd.o
    0x08000434   0x0000035c   Code   RO          184    .text               stm32f10x_gpio.o
    0x08000790   0x000003a4   Code   RO          208    .text               stm32f10x_rcc.o
    0x08000b34   0x00000e1a   Code   RO          222    .text               stm32f10x_tim.o
    0x0800194e   0x00000002   PAD
    0x08001950   0x000000dc   Code   RO          246    .text               misc.o
    0x08001a2c   0x0000013c   Code   RO          258    .text               channel_out.o
    0x08001b68   0x000000fc   Code   RO          270    .text               yaokongqi.o
    0x08001c64   0x00000364   Code   RO          288    .text               apm_function.o
    0x08001fc8   0x000000e8   Code   RO          303    .text               openmv.o
    0x080020b0   0x0000019c   Code   RO          321    .text               chaoshengbo.o
    0x0800224c   0x0000001c   Code   RO          351    .text               mc_w.l(strcmp.o)
    0x08002268   0x000000b0   Code   RO          353    .text               mf_w.l(fadd.o)
    0x08002318   0x0000007c   Code   RO          355    .text               mf_w.l(fdiv.o)
    0x08002394   0x0000014e   Code   RO          357    .text               mf_w.l(dadd.o)
    0x080024e2   0x000000de   Code   RO          359    .text               mf_w.l(ddiv.o)
    0x080025c0   0x00000022   Code   RO          361    .text               mf_w.l(dflti.o)
    0x080025e2   0x0000003e   Code   RO          363    .text               mf_w.l(dfixi.o)
    0x08002620   0x00000038   Code   RO          365    .text               mf_w.l(d2f.o)
    0x08002658   0x00000014   Code   RO          367    .text               mf_w.l(cfcmple.o)
    0x0800266c   0x00000014   Code   RO          369    .text               mf_w.l(cfrcmple.o)
    0x08002680   0x0000001e   Code   RO          385    .text               mc_w.l(llshl.o)
    0x0800269e   0x00000020   Code   RO          387    .text               mc_w.l(llushr.o)
    0x080026be   0x00000024   Code   RO          389    .text               mc_w.l(llsshr.o)
    0x080026e2   0x00000000   Code   RO          391    .text               mc_w.l(iusefp.o)
    0x080026e2   0x0000006e   Code   RO          392    .text               mf_w.l(fepilogue.o)
    0x08002750   0x000000ba   Code   RO          394    .text               mf_w.l(depilogue.o)
    0x0800280a   0x00000002   PAD
    0x0800280c   0x00000024   Code   RO          396    .text               mc_w.l(init.o)
    0x08002830   0x0000000e   Code   RO          400    i.__scatterload_copy  mc_w.l(handlers.o)
    0x0800283e   0x00000002   Code   RO          401    i.__scatterload_null  mc_w.l(handlers.o)
    0x08002840   0x0000000e   Code   RO          402    i.__scatterload_zeroinit  mc_w.l(handlers.o)
    0x0800284e   0x00000002   PAD
    0x08002850   0x00000020   Data   RO          398    Region$$Table       anon$$obj.o


    Execution Region ER_RW (Base: 0x20000000, Size: 0x0000003c, Max: 0xffffffff, ABSOLUTE)

    Base Addr    Size         Type   Attr      Idx    E Section Name        Object

    0x20000000   0x00000014   Data   RW          160    .data               system_stm32f10x.o
    0x20000014   0x00000014   Data   RW          209    .data               stm32f10x_rcc.o
    0x20000028   0x0000000c   Data   RW          271    .data               yaokongqi.o
    0x20000034   0x00000004   Data   RW          304    .data               openmv.o
    0x20000038   0x00000002   Data   RW          322    .data               chaoshengbo.o


    Execution Region ER_ZI (Base: 0x2000003c, Size: 0x00000404, Max: 0xffffffff, ABSOLUTE)

    Base Addr    Size         Type   Attr      Idx    E Section Name        Object

    0x2000003c   0x00000004   PAD
    0x20000040   0x00000400   Zero   RW          177    STACK               startup_stm32f10x_hd.o


==============================================================================

Image component sizes


      Code (inc. data)   RO Data    RW Data    ZI Data      Debug   Object Name

       868         48          0          0          0       1479   apm_function.o
       316         28          0          0          0        914   channel_out.o
       412         20          0          2          0       1498   chaoshengbo.o
         0          0          0          0          0         32   core_cm3.o
        68          6          0          0          0     247639   main.o
       220         22          0          0          0       1897   misc.o
       232         10          0          4          0       1270   openmv.o
       134          0          0          0          0        828   public.o
        36          8        304          0       1024        892   startup_stm32f10x_hd.o
       860         38          0          0          0       5741   stm32f10x_gpio.o
        32          0          0          0          0       1487   stm32f10x_it.o
       932         36          0         20          0       8924   stm32f10x_rcc.o
      3610         88          0          0          0      22228   stm32f10x_tim.o
       480         38          0         20          0       2027   system_stm32f10x.o
       252         12          0         12          0       1420   yaokongqi.o

    ----------------------------------------------------------------------
      8456        354        336         60       1028     298276   Object Totals
         0          0         32          0          0          0   (incl. Generated)
         4          0          0          2          4          0   (incl. Padding)

    ----------------------------------------------------------------------

      Code (inc. data)   RO Data    RW Data    ZI Data      Debug   Library Member Name

         0          0          0          0          0          0   entry.o
         0          0          0          0          0          0   entry10a.o
         0          0          0          0          0          0   entry11a.o
         8          4          0          0          0          0   entry2.o
         4          0          0          0          0          0   entry5.o
         0          0          0          0          0          0   entry7b.o
         0          0          0          0          0          0   entry8b.o
         8          4          0          0          0          0   entry9a.o
        30          0          0          0          0          0   handlers.o
        36          8          0          0          0         68   init.o
         0          0          0          0          0          0   iusefp.o
        30          0          0          0          0         68   llshl.o
        36          0          0          0          0         68   llsshr.o
        32          0          0          0          0         68   llushr.o
        28          0          0          0          0         76   strcmp.o
        20          0          0          0          0         68   cfcmple.o
        20          0          0          0          0         68   cfrcmple.o
        56          0          0          0          0         88   d2f.o
       334          0          0          0          0        148   dadd.o
       222          0          0          0          0        100   ddiv.o
       186          0          0          0          0        176   depilogue.o
        62          0          0          0          0         80   dfixi.o
        34          0          0          0          0         76   dflti.o
       176          0          0          0          0        140   fadd.o
       124          0          0          0          0         88   fdiv.o
       110          0          0          0          0        168   fepilogue.o

    ----------------------------------------------------------------------
      1560         16          0          0          0       1548   Library Totals
         4          0          0          0          0          0   (incl. Padding)

    ----------------------------------------------------------------------

      Code (inc. data)   RO Data    RW Data    ZI Data      Debug   Library Name

       212         16          0          0          0        348   mc_w.l
      1344          0          0          0          0       1200   mf_w.l

    ----------------------------------------------------------------------
      1560         16          0          0          0       1548   Library Totals

    ----------------------------------------------------------------------

==============================================================================


      Code (inc. data)   RO Data    RW Data    ZI Data      Debug   

     10016        370        336         60       1028     298364   Grand Totals
     10016        370        336         60       1028     298364   ELF Image Totals
     10016        370        336         60          0          0   ROM Totals

==============================================================================

    Total RO  Size (Code + RO Data)                10352 (  10.11kB)
    Total RW  Size (RW Data + ZI Data)              1088 (   1.06kB)
    Total ROM Size (Code + RO Data + RW Data)      10412 (  10.17kB)

==============================================================================

